// Jest Snapshot v1, https://goo.gl/fbAQLP

exports[`Component: NurseQueue renders properly 1`] = `
<Provider
  store={
    Object {
      "clearActions": [Function],
      "dispatch": [Function],
      "getActions": [Function],
      "getState": [Function],
      "replaceReducer": [Function],
      "subscribe": [Function],
    }
  }
>
  <Connect(NurseQueue)>
    <NurseQueue
      dispatch={[Function]}
      rowData={Array []}
    >
      <div>
        <h3>
          <Label
            bsClass="label"
            bsStyle="default"
          >
            <span
              className="label label-default"
            >
              Nurse Evaluation
            </span>
          </Label>
        </h3>
        <Connect(DataGrid)
          columnDefs={
            Array [
              Object {
                "field": "uuid",
                "headerName": "uuid",
                "hide": true,
              },
              Object {
                "field": "id",
                "headerName": "patientId",
              },
              Object {
                "field": "name.givenName",
                "headerName": "Given Name",
              },
              Object {
                "field": "name.familyName",
                "headerName": "Family Name",
              },
              Object {
                "field": "gender",
                "headerName": "Gender",
              },
              Object {
                "field": "age",
                "headerName": "Age",
              },
              Object {
                "headerName": "Checked-in Time",
                "valueGetter": [Function],
              },
            ]
          }
          rowData={Array []}
          rowSelectedActionCreators={
            Array [
              [Function],
            ]
          }
        >
          <DataGrid
            columnDefs={
              Array [
                Object {
                  "field": "uuid",
                  "headerName": "uuid",
                  "hide": true,
                },
                Object {
                  "field": "id",
                  "headerName": "patientId",
                },
                Object {
                  "field": "name.givenName",
                  "headerName": "Given Name",
                },
                Object {
                  "field": "name.familyName",
                  "headerName": "Family Name",
                },
                Object {
                  "field": "gender",
                  "headerName": "Gender",
                },
                Object {
                  "field": "age",
                  "headerName": "Age",
                },
                Object {
                  "headerName": "Checked-in Time",
                  "valueGetter": [Function],
                },
              ]
            }
            dispatch={[Function]}
            rowData={Array []}
            rowSelectedActionCreators={
              Array [
                [Function],
              ]
            }
          >
            <div
              style={
                Object {
                  "height": "600px",
                  "width": "100%",
                }
              }
            >
              <AgGridReact
                columnDefs={
                  Array [
                    Object {
                      "field": "uuid",
                      "headerName": "uuid",
                      "hide": true,
                    },
                    Object {
                      "field": "id",
                      "headerName": "patientId",
                    },
                    Object {
                      "field": "name.givenName",
                      "headerName": "Given Name",
                    },
                    Object {
                      "field": "name.familyName",
                      "headerName": "Family Name",
                    },
                    Object {
                      "field": "gender",
                      "headerName": "Gender",
                    },
                    Object {
                      "field": "age",
                      "headerName": "Age",
                    },
                    Object {
                      "headerName": "Checked-in Time",
                      "valueGetter": [Function],
                    },
                  ]
                }
                enableSorting={true}
                id="omrsGrid"
                onGridReady={[Function]}
                onSelectionChanged={[Function]}
                rowClassRules="rowClassRules"
                rowData={Array []}
                rowSelection="single"
              >
                <div
                  style={
                    Object {
                      "height": "100%",
                    }
                  }
                />
              </AgGridReact>
            </div>
          </DataGrid>
        </Connect(DataGrid)>
      </div>
    </NurseQueue>
  </Connect(NurseQueue)>
</Provider>
`;
