// Jest Snapshot v1, https://goo.gl/fbAQLP

exports[`Component: NutritionForm renders properly 1`] = `
<Provider
  store={
    Object {
      "clearActions": [Function],
      "dispatch": [Function],
      "getActions": [Function],
      "getState": [Function],
      "replaceReducer": [Function],
      "subscribe": [Function],
    }
  }
>
  <MockRouter
    createHref={[Function]}
    location=""
    params={Object {}}
    path=""
    push={[Function]}
    replace={[Function]}
    url=""
  >
    <NutritionForm>
      <Connect(EncounterFormPage)
        afterSubmitLink="/screening/nutrition/queue"
        backLink="/screening/nutrition/queue"
        encounterType={
          Object {
            "uuid": "6265F6BC-EBC0-4181-91F3-28B70BBFDB61",
          }
        }
        formContent={
          <Grid
            bsClass="container"
            componentClass="div"
            fluid={false}
          >
            <Row
              bsClass="row"
              componentClass="div"
            >
              <FormGroup
                bsClass="form-group"
                controlId="formWeight"
              >
                <Col
                  bsClass="col"
                  componentClass={[Function]}
                  sm={2}
                >
                  Weight
                </Col>
                <Col
                  bsClass="col"
                  componentClass="div"
                  sm={4}
                >
                  <Obs
                    concept="6569c44a-977f-11e1-8993-905e29aff6c1"
                    path="weight"
                  />
                </Col>
              </FormGroup>
            </Row>
            <Row
              bsClass="row"
              componentClass="div"
            >
              <FormGroup
                bsClass="form-group"
                controlId="formHeight"
              >
                <Col
                  bsClass="col"
                  componentClass={[Function]}
                  sm={2}
                >
                  Height
                </Col>
                <Col
                  bsClass="col"
                  componentClass="div"
                  sm={4}
                >
                  <Obs
                    concept="6569c562-977f-11e1-8993-905e29aff6c1"
                    path="height"
                  />
                </Col>
              </FormGroup>
            </Row>
            <Row
              bsClass="row"
              componentClass="div"
            >
              <Submit />
            </Row>
          </Grid>
        }
        formId="nutrition-form"
        title="Nutrition"
      >
        <EncounterFormPage
          afterSubmitLink="/screening/nutrition/queue"
          backLink="/screening/nutrition/queue"
          dispatch={[Function]}
          encounterType={
            Object {
              "uuid": "6265F6BC-EBC0-4181-91F3-28B70BBFDB61",
            }
          }
          formContent={
            <Grid
              bsClass="container"
              componentClass="div"
              fluid={false}
            >
              <Row
                bsClass="row"
                componentClass="div"
              >
                <FormGroup
                  bsClass="form-group"
                  controlId="formWeight"
                >
                  <Col
                    bsClass="col"
                    componentClass={[Function]}
                    sm={2}
                  >
                    Weight
                  </Col>
                  <Col
                    bsClass="col"
                    componentClass="div"
                    sm={4}
                  >
                    <Obs
                      concept="6569c44a-977f-11e1-8993-905e29aff6c1"
                      path="weight"
                    />
                  </Col>
                </FormGroup>
              </Row>
              <Row
                bsClass="row"
                componentClass="div"
              >
                <FormGroup
                  bsClass="form-group"
                  controlId="formHeight"
                >
                  <Col
                    bsClass="col"
                    componentClass={[Function]}
                    sm={2}
                  >
                    Height
                  </Col>
                  <Col
                    bsClass="col"
                    componentClass="div"
                    sm={4}
                  >
                    <Obs
                      concept="6569c562-977f-11e1-8993-905e29aff6c1"
                      path="height"
                    />
                  </Col>
                </FormGroup>
              </Row>
              <Row
                bsClass="row"
                componentClass="div"
              >
                <Submit />
              </Row>
            </Grid>
          }
          formId="nutrition-form"
          patient={
            Object {
              "uuid": "abc",
              "visit": Object {
                "uuid": "def",
              },
            }
          }
          title="Nutrition"
        >
          <div
            style={
              Object {
                "paddingLeft": "0px",
                "paddingRight": "0px",
              }
            }
          >
            <Grid
              bsClass="container"
              componentClass="div"
              fluid={false}
              style={
                Object {
                  "paddingLeft": "0px",
                  "paddingRight": "0px",
                }
              }
            >
              <div
                className="container"
                style={
                  Object {
                    "paddingLeft": "0px",
                    "paddingRight": "0px",
                  }
                }
              >
                <Row
                  bsClass="row"
                  componentClass="div"
                  style={
                    Object {
                      "backgroundColor": "#ffa500b3",
                    }
                  }
                >
                  <div
                    className="row"
                    style={
                      Object {
                        "backgroundColor": "#ffa500b3",
                      }
                    }
                  >
                    <Col
                      bsClass="col"
                      componentClass="div"
                      md={20}
                      sm={20}
                      style={
                        Object {
                          "paddingLeft": "20px",
                        }
                      }
                    >
                      <div
                        className="col-md-20 col-sm-20"
                        style={
                          Object {
                            "paddingLeft": "20px",
                          }
                        }
                      >
                        <span>
                          <h1>
                            Nutrition
                          </h1>
                        </span>
                      </div>
                    </Col>
                  </div>
                </Row>
                <Row
                  bsClass="row"
                  componentClass="div"
                >
                  <div
                    className="row"
                  >
                    <Col
                      bsClass="col"
                      componentClass="div"
                      md={20}
                      sm={20}
                      style={
                        Object {
                          "height": "40px",
                        }
                      }
                    >
                      <div
                        className="col-md-20 col-sm-20"
                        style={
                          Object {
                            "height": "40px",
                          }
                        }
                      >
                        <span>
                          <h1 />
                        </span>
                      </div>
                    </Col>
                  </div>
                </Row>
              </div>
            </Grid>
            <div>
              <Connect(ReduxForm)
                encounterType={
                  Object {
                    "uuid": "6265F6BC-EBC0-4181-91F3-28B70BBFDB61",
                  }
                }
                formId="nutrition-form"
                formSubmittedActionCreator={
                  Array [
                    [Function],
                    [Function],
                  ]
                }
                patient={
                  Object {
                    "uuid": "abc",
                    "visit": Object {
                      "uuid": "def",
                    },
                  }
                }
                visit={
                  Object {
                    "uuid": "def",
                  }
                }
              >
                <ReduxForm
                  dispatch={[Function]}
                  encounterType={
                    Object {
                      "uuid": "6265F6BC-EBC0-4181-91F3-28B70BBFDB61",
                    }
                  }
                  form="nutrition-form"
                  formId="nutrition-form"
                  formSubmittedActionCreator={
                    Array [
                      [Function],
                      [Function],
                    ]
                  }
                  patient={
                    Object {
                      "uuid": "abc",
                      "visit": Object {
                        "uuid": "def",
                      },
                    }
                  }
                  visit={
                    Object {
                      "uuid": "def",
                    }
                  }
                >
                  <Connect(Form(EncounterForm))
                    destroyOnUnmount={true}
                    dispatch={[Function]}
                    enableReinitialize={true}
                    encounterType={
                      Object {
                        "uuid": "6265F6BC-EBC0-4181-91F3-28B70BBFDB61",
                      }
                    }
                    forceUnregisterOnUnmount={false}
                    form="nutrition-form"
                    formId="nutrition-form"
                    formSubmittedActionCreator={
                      Array [
                        [Function],
                        [Function],
                      ]
                    }
                    getFormState={[Function]}
                    keepDirtyOnReinitialize={false}
                    patient={
                      Object {
                        "uuid": "abc",
                        "visit": Object {
                          "uuid": "def",
                        },
                      }
                    }
                    persistentSubmitErrors={false}
                    pure={true}
                    shouldAsyncValidate={[Function]}
                    shouldError={[Function]}
                    shouldValidate={[Function]}
                    shouldWarn={[Function]}
                    touchOnBlur={true}
                    touchOnChange={false}
                    updateUnregisteredFields={false}
                    visit={
                      Object {
                        "uuid": "def",
                      }
                    }
                  >
                    <Form(EncounterForm)
                      anyTouched={false}
                      array={
                        Object {
                          "insert": [Function],
                          "move": [Function],
                          "pop": [Function],
                          "push": [Function],
                          "remove": [Function],
                          "removeAll": [Function],
                          "shift": [Function],
                          "splice": [Function],
                          "swap": [Function],
                          "unshift": [Function],
                        }
                      }
                      arrayInsert={[Function]}
                      arrayMove={[Function]}
                      arrayPop={[Function]}
                      arrayPush={[Function]}
                      arrayRemove={[Function]}
                      arrayRemoveAll={[Function]}
                      arrayShift={[Function]}
                      arraySplice={[Function]}
                      arraySwap={[Function]}
                      arrayUnshift={[Function]}
                      asyncValidating={false}
                      autofill={[Function]}
                      blur={[Function]}
                      change={[Function]}
                      clearAsyncError={[Function]}
                      clearFields={[Function]}
                      clearSubmit={[Function]}
                      clearSubmitErrors={[Function]}
                      destroy={[Function]}
                      destroyOnUnmount={true}
                      dirty={false}
                      dispatch={[Function]}
                      enableReinitialize={true}
                      encounterType={
                        Object {
                          "uuid": "6265F6BC-EBC0-4181-91F3-28B70BBFDB61",
                        }
                      }
                      focus={[Function]}
                      forceUnregisterOnUnmount={false}
                      form="nutrition-form"
                      formId="nutrition-form"
                      formSubmittedActionCreator={
                        Array [
                          [Function],
                          [Function],
                        ]
                      }
                      getFormState={[Function]}
                      initialize={[Function]}
                      initialized={false}
                      invalid={false}
                      keepDirtyOnReinitialize={false}
                      patient={
                        Object {
                          "uuid": "abc",
                          "visit": Object {
                            "uuid": "def",
                          },
                        }
                      }
                      persistentSubmitErrors={false}
                      pristine={true}
                      pure={true}
                      registerField={[Function]}
                      reset={[Function]}
                      resetSection={[Function]}
                      setSubmitFailed={[Function]}
                      setSubmitSucceeded={[Function]}
                      shouldAsyncValidate={[Function]}
                      shouldError={[Function]}
                      shouldValidate={[Function]}
                      shouldWarn={[Function]}
                      startAsyncValidation={[Function]}
                      startSubmit={[Function]}
                      stopAsyncValidation={[Function]}
                      stopSubmit={[Function]}
                      submit={[Function]}
                      submitFailed={false}
                      submitSucceeded={false}
                      submitting={false}
                      syncErrors={Object {}}
                      syncWarnings={Object {}}
                      touch={[Function]}
                      touchOnBlur={true}
                      touchOnChange={false}
                      unregisterField={[Function]}
                      untouch={[Function]}
                      updateSyncErrors={[Function]}
                      updateSyncWarnings={[Function]}
                      updateUnregisteredFields={false}
                      valid={true}
                      validExceptSubmit={true}
                      values={Object {}}
                      visit={
                        Object {
                          "uuid": "def",
                        }
                      }
                    >
                      <EncounterForm
                        anyTouched={false}
                        array={
                          Object {
                            "insert": [Function],
                            "move": [Function],
                            "pop": [Function],
                            "push": [Function],
                            "remove": [Function],
                            "removeAll": [Function],
                            "shift": [Function],
                            "splice": [Function],
                            "swap": [Function],
                            "unshift": [Function],
                          }
                        }
                        asyncValidate={[Function]}
                        asyncValidating={false}
                        autofill={[Function]}
                        blur={[Function]}
                        change={[Function]}
                        clearAsyncError={[Function]}
                        clearFields={[Function]}
                        clearSubmit={[Function]}
                        clearSubmitErrors={[Function]}
                        destroy={[Function]}
                        dirty={false}
                        dispatch={[Function]}
                        encounterType={
                          Object {
                            "uuid": "6265F6BC-EBC0-4181-91F3-28B70BBFDB61",
                          }
                        }
                        form="nutrition-form"
                        formId="nutrition-form"
                        formSubmittedActionCreator={
                          Array [
                            [Function],
                            [Function],
                          ]
                        }
                        handleSubmit={[Function]}
                        initialize={[Function]}
                        initialized={false}
                        invalid={false}
                        patient={
                          Object {
                            "uuid": "abc",
                            "visit": Object {
                              "uuid": "def",
                            },
                          }
                        }
                        pristine={true}
                        pure={true}
                        reset={[Function]}
                        resetSection={[Function]}
                        submit={[Function]}
                        submitFailed={false}
                        submitSucceeded={false}
                        submitting={false}
                        touch={[Function]}
                        untouch={[Function]}
                        valid={true}
                        visit={
                          Object {
                            "uuid": "def",
                          }
                        }
                      >
                        <Form
                          bsClass="form"
                          componentClass="form"
                          horizontal={true}
                          inline={false}
                          onSubmit={[Function]}
                        >
                          <form
                            className="form-horizontal"
                            onSubmit={[Function]}
                          >
                            <Grid
                              bsClass="container"
                              componentClass="div"
                              fluid={false}
                            >
                              <div
                                className="container"
                              >
                                <Row
                                  bsClass="row"
                                  componentClass="div"
                                >
                                  <div
                                    className="row"
                                  >
                                    <FormGroup
                                      bsClass="form-group"
                                      controlId="formWeight"
                                    >
                                      <div
                                        className="form-group"
                                      >
                                        <Col
                                          bsClass="col"
                                          componentClass={[Function]}
                                          sm={2}
                                        >
                                          <ControlLabel
                                            bsClass="control-label"
                                            className="col-sm-2"
                                            srOnly={false}
                                          >
                                            <label
                                              className="col-sm-2 control-label"
                                              htmlFor="formWeight"
                                            >
                                              Weight
                                            </label>
                                          </ControlLabel>
                                        </Col>
                                        <Col
                                          bsClass="col"
                                          componentClass="div"
                                          sm={4}
                                        >
                                          <div
                                            className="col-sm-4"
                                          >
                                            <Obs
                                              concept="6569c44a-977f-11e1-8993-905e29aff6c1"
                                              path="weight"
                                            >
                                              <Field
                                                component={[Function]}
                                                name="obs|path=weight|concept=6569c44a-977f-11e1-8993-905e29aff6c1"
                                                type="number"
                                              >
                                                <Connect(ConnectedField)
                                                  _reduxForm={
                                                    Object {
                                                      "anyTouched": false,
                                                      "array": Object {
                                                        "insert": [Function],
                                                        "move": [Function],
                                                        "pop": [Function],
                                                        "push": [Function],
                                                        "remove": [Function],
                                                        "removeAll": [Function],
                                                        "shift": [Function],
                                                        "splice": [Function],
                                                        "swap": [Function],
                                                        "unshift": [Function],
                                                      },
                                                      "arrayInsert": [Function],
                                                      "arrayMove": [Function],
                                                      "arrayPop": [Function],
                                                      "arrayPush": [Function],
                                                      "arrayRemove": [Function],
                                                      "arrayRemoveAll": [Function],
                                                      "arrayShift": [Function],
                                                      "arraySplice": [Function],
                                                      "arraySwap": [Function],
                                                      "arrayUnshift": [Function],
                                                      "asyncErrors": undefined,
                                                      "asyncValidate": [Function],
                                                      "asyncValidating": false,
                                                      "autofill": [Function],
                                                      "blur": [Function],
                                                      "change": [Function],
                                                      "children": <Grid
                                                        bsClass="container"
                                                        componentClass="div"
                                                        fluid={false}
                                                    >
                                                        <Row
                                                            bsClass="row"
                                                            componentClass="div"
                                                        >
                                                            <FormGroup
                                                                bsClass="form-group"
                                                                controlId="formWeight"
                                                            >
                                                                <Col
                                                                    bsClass="col"
                                                                    componentClass={[Function]}
                                                                    sm={2}
                                                                >
                                                                    Weight
                                                                </Col>
                                                                <Col
                                                                    bsClass="col"
                                                                    componentClass="div"
                                                                    sm={4}
                                                                >
                                                                    <Obs
                                                                        concept="6569c44a-977f-11e1-8993-905e29aff6c1"
                                                                        path="weight"
                                                                    />
                                                                </Col>
                                                            </FormGroup>
                                                        </Row>
                                                        <Row
                                                            bsClass="row"
                                                            componentClass="div"
                                                        >
                                                            <FormGroup
                                                                bsClass="form-group"
                                                                controlId="formHeight"
                                                            >
                                                                <Col
                                                                    bsClass="col"
                                                                    componentClass={[Function]}
                                                                    sm={2}
                                                                >
                                                                    Height
                                                                </Col>
                                                                <Col
                                                                    bsClass="col"
                                                                    componentClass="div"
                                                                    sm={4}
                                                                >
                                                                    <Obs
                                                                        concept="6569c562-977f-11e1-8993-905e29aff6c1"
                                                                        path="height"
                                                                    />
                                                                </Col>
                                                            </FormGroup>
                                                        </Row>
                                                        <Row
                                                            bsClass="row"
                                                            componentClass="div"
                                                        >
                                                            <Submit />
                                                        </Row>
                                                    </Grid>,
                                                      "clearAsyncError": [Function],
                                                      "clearFields": [Function],
                                                      "clearSubmit": [Function],
                                                      "clearSubmitErrors": [Function],
                                                      "destroy": [Function],
                                                      "destroyOnUnmount": true,
                                                      "dirty": false,
                                                      "dispatch": [Function],
                                                      "enableReinitialize": true,
                                                      "encounterType": Object {
                                                        "uuid": "6265F6BC-EBC0-4181-91F3-28B70BBFDB61",
                                                      },
                                                      "error": undefined,
                                                      "focus": [Function],
                                                      "forceUnregisterOnUnmount": false,
                                                      "form": "nutrition-form",
                                                      "formId": "nutrition-form",
                                                      "formSubmittedActionCreator": Array [
                                                        [Function],
                                                        [Function],
                                                      ],
                                                      "getFormState": [Function],
                                                      "getValues": [Function],
                                                      "initialValues": undefined,
                                                      "initialize": [Function],
                                                      "initialized": false,
                                                      "invalid": false,
                                                      "keepDirtyOnReinitialize": false,
                                                      "patient": Object {
                                                        "uuid": "abc",
                                                        "visit": Object {
                                                          "uuid": "def",
                                                        },
                                                      },
                                                      "persistentSubmitErrors": false,
                                                      "pristine": true,
                                                      "pure": true,
                                                      "register": [Function],
                                                      "registerField": [Function],
                                                      "registerInnerOnSubmit": [Function],
                                                      "registeredFields": undefined,
                                                      "reset": [Function],
                                                      "resetSection": [Function],
                                                      "sectionPrefix": undefined,
                                                      "setSubmitFailed": [Function],
                                                      "setSubmitSucceeded": [Function],
                                                      "shouldAsyncValidate": [Function],
                                                      "shouldError": [Function],
                                                      "shouldValidate": [Function],
                                                      "shouldWarn": [Function],
                                                      "startAsyncValidation": [Function],
                                                      "startSubmit": [Function],
                                                      "stopAsyncValidation": [Function],
                                                      "stopSubmit": [Function],
                                                      "submit": [Function],
                                                      "submitFailed": false,
                                                      "submitSucceeded": false,
                                                      "submitting": false,
                                                      "syncErrors": Object {},
                                                      "syncWarnings": Object {},
                                                      "touch": [Function],
                                                      "touchOnBlur": true,
                                                      "touchOnChange": false,
                                                      "triggerSubmit": undefined,
                                                      "unregister": [Function],
                                                      "unregisterField": [Function],
                                                      "untouch": [Function],
                                                      "updateSyncErrors": [Function],
                                                      "updateSyncWarnings": [Function],
                                                      "updateUnregisteredFields": false,
                                                      "valid": true,
                                                      "validExceptSubmit": true,
                                                      "values": Object {},
                                                      "visit": Object {
                                                        "uuid": "def",
                                                      },
                                                      "warning": undefined,
                                                    }
                                                  }
                                                  component={[Function]}
                                                  name="obs|path=weight|concept=6569c44a-977f-11e1-8993-905e29aff6c1"
                                                  normalize={[Function]}
                                                  type="number"
                                                >
                                                  <ConnectedField
                                                    _reduxForm={
                                                      Object {
                                                        "anyTouched": false,
                                                        "array": Object {
                                                          "insert": [Function],
                                                          "move": [Function],
                                                          "pop": [Function],
                                                          "push": [Function],
                                                          "remove": [Function],
                                                          "removeAll": [Function],
                                                          "shift": [Function],
                                                          "splice": [Function],
                                                          "swap": [Function],
                                                          "unshift": [Function],
                                                        },
                                                        "arrayInsert": [Function],
                                                        "arrayMove": [Function],
                                                        "arrayPop": [Function],
                                                        "arrayPush": [Function],
                                                        "arrayRemove": [Function],
                                                        "arrayRemoveAll": [Function],
                                                        "arrayShift": [Function],
                                                        "arraySplice": [Function],
                                                        "arraySwap": [Function],
                                                        "arrayUnshift": [Function],
                                                        "asyncErrors": undefined,
                                                        "asyncValidate": [Function],
                                                        "asyncValidating": false,
                                                        "autofill": [Function],
                                                        "blur": [Function],
                                                        "change": [Function],
                                                        "children": <Grid
                                                          bsClass="container"
                                                          componentClass="div"
                                                          fluid={false}
                                                      >
                                                          <Row
                                                              bsClass="row"
                                                              componentClass="div"
                                                          >
                                                              <FormGroup
                                                                  bsClass="form-group"
                                                                  controlId="formWeight"
                                                              >
                                                                  <Col
                                                                      bsClass="col"
                                                                      componentClass={[Function]}
                                                                      sm={2}
                                                                  >
                                                                      Weight
                                                                  </Col>
                                                                  <Col
                                                                      bsClass="col"
                                                                      componentClass="div"
                                                                      sm={4}
                                                                  >
                                                                      <Obs
                                                                          concept="6569c44a-977f-11e1-8993-905e29aff6c1"
                                                                          path="weight"
                                                                      />
                                                                  </Col>
                                                              </FormGroup>
                                                          </Row>
                                                          <Row
                                                              bsClass="row"
                                                              componentClass="div"
                                                          >
                                                              <FormGroup
                                                                  bsClass="form-group"
                                                                  controlId="formHeight"
                                                              >
                                                                  <Col
                                                                      bsClass="col"
                                                                      componentClass={[Function]}
                                                                      sm={2}
                                                                  >
                                                                      Height
                                                                  </Col>
                                                                  <Col
                                                                      bsClass="col"
                                                                      componentClass="div"
                                                                      sm={4}
                                                                  >
                                                                      <Obs
                                                                          concept="6569c562-977f-11e1-8993-905e29aff6c1"
                                                                          path="height"
                                                                      />
                                                                  </Col>
                                                              </FormGroup>
                                                          </Row>
                                                          <Row
                                                              bsClass="row"
                                                              componentClass="div"
                                                          >
                                                              <Submit />
                                                          </Row>
                                                      </Grid>,
                                                        "clearAsyncError": [Function],
                                                        "clearFields": [Function],
                                                        "clearSubmit": [Function],
                                                        "clearSubmitErrors": [Function],
                                                        "destroy": [Function],
                                                        "destroyOnUnmount": true,
                                                        "dirty": false,
                                                        "dispatch": [Function],
                                                        "enableReinitialize": true,
                                                        "encounterType": Object {
                                                          "uuid": "6265F6BC-EBC0-4181-91F3-28B70BBFDB61",
                                                        },
                                                        "error": undefined,
                                                        "focus": [Function],
                                                        "forceUnregisterOnUnmount": false,
                                                        "form": "nutrition-form",
                                                        "formId": "nutrition-form",
                                                        "formSubmittedActionCreator": Array [
                                                          [Function],
                                                          [Function],
                                                        ],
                                                        "getFormState": [Function],
                                                        "getValues": [Function],
                                                        "initialValues": undefined,
                                                        "initialize": [Function],
                                                        "initialized": false,
                                                        "invalid": false,
                                                        "keepDirtyOnReinitialize": false,
                                                        "patient": Object {
                                                          "uuid": "abc",
                                                          "visit": Object {
                                                            "uuid": "def",
                                                          },
                                                        },
                                                        "persistentSubmitErrors": false,
                                                        "pristine": true,
                                                        "pure": true,
                                                        "register": [Function],
                                                        "registerField": [Function],
                                                        "registerInnerOnSubmit": [Function],
                                                        "registeredFields": undefined,
                                                        "reset": [Function],
                                                        "resetSection": [Function],
                                                        "sectionPrefix": undefined,
                                                        "setSubmitFailed": [Function],
                                                        "setSubmitSucceeded": [Function],
                                                        "shouldAsyncValidate": [Function],
                                                        "shouldError": [Function],
                                                        "shouldValidate": [Function],
                                                        "shouldWarn": [Function],
                                                        "startAsyncValidation": [Function],
                                                        "startSubmit": [Function],
                                                        "stopAsyncValidation": [Function],
                                                        "stopSubmit": [Function],
                                                        "submit": [Function],
                                                        "submitFailed": false,
                                                        "submitSucceeded": false,
                                                        "submitting": false,
                                                        "syncErrors": Object {},
                                                        "syncWarnings": Object {},
                                                        "touch": [Function],
                                                        "touchOnBlur": true,
                                                        "touchOnChange": false,
                                                        "triggerSubmit": undefined,
                                                        "unregister": [Function],
                                                        "unregisterField": [Function],
                                                        "untouch": [Function],
                                                        "updateSyncErrors": [Function],
                                                        "updateSyncWarnings": [Function],
                                                        "updateUnregisteredFields": false,
                                                        "valid": true,
                                                        "validExceptSubmit": true,
                                                        "values": Object {},
                                                        "visit": Object {
                                                          "uuid": "def",
                                                        },
                                                        "warning": undefined,
                                                      }
                                                    }
                                                    asyncValidating={false}
                                                    component={[Function]}
                                                    dirty={false}
                                                    dispatch={[Function]}
                                                    name="obs|path=weight|concept=6569c44a-977f-11e1-8993-905e29aff6c1"
                                                    normalize={[Function]}
                                                    pristine={true}
                                                    type="number"
                                                  >
                                                    <RenderField
                                                      input={
                                                        Object {
                                                          "name": "obs|path=weight|concept=6569c44a-977f-11e1-8993-905e29aff6c1",
                                                          "onBlur": [Function],
                                                          "onChange": [Function],
                                                          "onDragStart": [Function],
                                                          "onDrop": [Function],
                                                          "onFocus": [Function],
                                                          "value": "",
                                                        }
                                                      }
                                                      meta={
                                                        Object {
                                                          "active": false,
                                                          "asyncValidating": false,
                                                          "autofilled": false,
                                                          "dirty": false,
                                                          "dispatch": [Function],
                                                          "error": undefined,
                                                          "form": "nutrition-form",
                                                          "initial": undefined,
                                                          "invalid": false,
                                                          "pristine": true,
                                                          "submitFailed": false,
                                                          "submitting": false,
                                                          "touched": false,
                                                          "valid": true,
                                                          "visited": false,
                                                          "warning": undefined,
                                                        }
                                                      }
                                                      type="number"
                                                    >
                                                      <div>
                                                        <div>
                                                          <FormControl
                                                            bsClass="form-control"
                                                            componentClass="input"
                                                            name="obs|path=weight|concept=6569c44a-977f-11e1-8993-905e29aff6c1"
                                                            onBlur={[Function]}
                                                            onChange={[Function]}
                                                            onDragStart={[Function]}
                                                            onDrop={[Function]}
                                                            onFocus={[Function]}
                                                            type="number"
                                                            value=""
                                                          >
                                                            <input
                                                              className="form-control"
                                                              id="formWeight"
                                                              name="obs|path=weight|concept=6569c44a-977f-11e1-8993-905e29aff6c1"
                                                              onBlur={[Function]}
                                                              onChange={[Function]}
                                                              onDragStart={[Function]}
                                                              onDrop={[Function]}
                                                              onFocus={[Function]}
                                                              type="number"
                                                              value=""
                                                            />
                                                          </FormControl>
                                                        </div>
                                                      </div>
                                                    </RenderField>
                                                  </ConnectedField>
                                                </Connect(ConnectedField)>
                                              </Field>
                                            </Obs>
                                          </div>
                                        </Col>
                                      </div>
                                    </FormGroup>
                                  </div>
                                </Row>
                                <Row
                                  bsClass="row"
                                  componentClass="div"
                                >
                                  <div
                                    className="row"
                                  >
                                    <FormGroup
                                      bsClass="form-group"
                                      controlId="formHeight"
                                    >
                                      <div
                                        className="form-group"
                                      >
                                        <Col
                                          bsClass="col"
                                          componentClass={[Function]}
                                          sm={2}
                                        >
                                          <ControlLabel
                                            bsClass="control-label"
                                            className="col-sm-2"
                                            srOnly={false}
                                          >
                                            <label
                                              className="col-sm-2 control-label"
                                              htmlFor="formHeight"
                                            >
                                              Height
                                            </label>
                                          </ControlLabel>
                                        </Col>
                                        <Col
                                          bsClass="col"
                                          componentClass="div"
                                          sm={4}
                                        >
                                          <div
                                            className="col-sm-4"
                                          >
                                            <Obs
                                              concept="6569c562-977f-11e1-8993-905e29aff6c1"
                                              path="height"
                                            >
                                              <Field
                                                component={[Function]}
                                                name="obs|path=height|concept=6569c562-977f-11e1-8993-905e29aff6c1"
                                                type="number"
                                              >
                                                <Connect(ConnectedField)
                                                  _reduxForm={
                                                    Object {
                                                      "anyTouched": false,
                                                      "array": Object {
                                                        "insert": [Function],
                                                        "move": [Function],
                                                        "pop": [Function],
                                                        "push": [Function],
                                                        "remove": [Function],
                                                        "removeAll": [Function],
                                                        "shift": [Function],
                                                        "splice": [Function],
                                                        "swap": [Function],
                                                        "unshift": [Function],
                                                      },
                                                      "arrayInsert": [Function],
                                                      "arrayMove": [Function],
                                                      "arrayPop": [Function],
                                                      "arrayPush": [Function],
                                                      "arrayRemove": [Function],
                                                      "arrayRemoveAll": [Function],
                                                      "arrayShift": [Function],
                                                      "arraySplice": [Function],
                                                      "arraySwap": [Function],
                                                      "arrayUnshift": [Function],
                                                      "asyncErrors": undefined,
                                                      "asyncValidate": [Function],
                                                      "asyncValidating": false,
                                                      "autofill": [Function],
                                                      "blur": [Function],
                                                      "change": [Function],
                                                      "children": <Grid
                                                        bsClass="container"
                                                        componentClass="div"
                                                        fluid={false}
                                                    >
                                                        <Row
                                                            bsClass="row"
                                                            componentClass="div"
                                                        >
                                                            <FormGroup
                                                                bsClass="form-group"
                                                                controlId="formWeight"
                                                            >
                                                                <Col
                                                                    bsClass="col"
                                                                    componentClass={[Function]}
                                                                    sm={2}
                                                                >
                                                                    Weight
                                                                </Col>
                                                                <Col
                                                                    bsClass="col"
                                                                    componentClass="div"
                                                                    sm={4}
                                                                >
                                                                    <Obs
                                                                        concept="6569c44a-977f-11e1-8993-905e29aff6c1"
                                                                        path="weight"
                                                                    />
                                                                </Col>
                                                            </FormGroup>
                                                        </Row>
                                                        <Row
                                                            bsClass="row"
                                                            componentClass="div"
                                                        >
                                                            <FormGroup
                                                                bsClass="form-group"
                                                                controlId="formHeight"
                                                            >
                                                                <Col
                                                                    bsClass="col"
                                                                    componentClass={[Function]}
                                                                    sm={2}
                                                                >
                                                                    Height
                                                                </Col>
                                                                <Col
                                                                    bsClass="col"
                                                                    componentClass="div"
                                                                    sm={4}
                                                                >
                                                                    <Obs
                                                                        concept="6569c562-977f-11e1-8993-905e29aff6c1"
                                                                        path="height"
                                                                    />
                                                                </Col>
                                                            </FormGroup>
                                                        </Row>
                                                        <Row
                                                            bsClass="row"
                                                            componentClass="div"
                                                        >
                                                            <Submit />
                                                        </Row>
                                                    </Grid>,
                                                      "clearAsyncError": [Function],
                                                      "clearFields": [Function],
                                                      "clearSubmit": [Function],
                                                      "clearSubmitErrors": [Function],
                                                      "destroy": [Function],
                                                      "destroyOnUnmount": true,
                                                      "dirty": false,
                                                      "dispatch": [Function],
                                                      "enableReinitialize": true,
                                                      "encounterType": Object {
                                                        "uuid": "6265F6BC-EBC0-4181-91F3-28B70BBFDB61",
                                                      },
                                                      "error": undefined,
                                                      "focus": [Function],
                                                      "forceUnregisterOnUnmount": false,
                                                      "form": "nutrition-form",
                                                      "formId": "nutrition-form",
                                                      "formSubmittedActionCreator": Array [
                                                        [Function],
                                                        [Function],
                                                      ],
                                                      "getFormState": [Function],
                                                      "getValues": [Function],
                                                      "initialValues": undefined,
                                                      "initialize": [Function],
                                                      "initialized": false,
                                                      "invalid": false,
                                                      "keepDirtyOnReinitialize": false,
                                                      "patient": Object {
                                                        "uuid": "abc",
                                                        "visit": Object {
                                                          "uuid": "def",
                                                        },
                                                      },
                                                      "persistentSubmitErrors": false,
                                                      "pristine": true,
                                                      "pure": true,
                                                      "register": [Function],
                                                      "registerField": [Function],
                                                      "registerInnerOnSubmit": [Function],
                                                      "registeredFields": undefined,
                                                      "reset": [Function],
                                                      "resetSection": [Function],
                                                      "sectionPrefix": undefined,
                                                      "setSubmitFailed": [Function],
                                                      "setSubmitSucceeded": [Function],
                                                      "shouldAsyncValidate": [Function],
                                                      "shouldError": [Function],
                                                      "shouldValidate": [Function],
                                                      "shouldWarn": [Function],
                                                      "startAsyncValidation": [Function],
                                                      "startSubmit": [Function],
                                                      "stopAsyncValidation": [Function],
                                                      "stopSubmit": [Function],
                                                      "submit": [Function],
                                                      "submitFailed": false,
                                                      "submitSucceeded": false,
                                                      "submitting": false,
                                                      "syncErrors": Object {},
                                                      "syncWarnings": Object {},
                                                      "touch": [Function],
                                                      "touchOnBlur": true,
                                                      "touchOnChange": false,
                                                      "triggerSubmit": undefined,
                                                      "unregister": [Function],
                                                      "unregisterField": [Function],
                                                      "untouch": [Function],
                                                      "updateSyncErrors": [Function],
                                                      "updateSyncWarnings": [Function],
                                                      "updateUnregisteredFields": false,
                                                      "valid": true,
                                                      "validExceptSubmit": true,
                                                      "values": Object {},
                                                      "visit": Object {
                                                        "uuid": "def",
                                                      },
                                                      "warning": undefined,
                                                    }
                                                  }
                                                  component={[Function]}
                                                  name="obs|path=height|concept=6569c562-977f-11e1-8993-905e29aff6c1"
                                                  normalize={[Function]}
                                                  type="number"
                                                >
                                                  <ConnectedField
                                                    _reduxForm={
                                                      Object {
                                                        "anyTouched": false,
                                                        "array": Object {
                                                          "insert": [Function],
                                                          "move": [Function],
                                                          "pop": [Function],
                                                          "push": [Function],
                                                          "remove": [Function],
                                                          "removeAll": [Function],
                                                          "shift": [Function],
                                                          "splice": [Function],
                                                          "swap": [Function],
                                                          "unshift": [Function],
                                                        },
                                                        "arrayInsert": [Function],
                                                        "arrayMove": [Function],
                                                        "arrayPop": [Function],
                                                        "arrayPush": [Function],
                                                        "arrayRemove": [Function],
                                                        "arrayRemoveAll": [Function],
                                                        "arrayShift": [Function],
                                                        "arraySplice": [Function],
                                                        "arraySwap": [Function],
                                                        "arrayUnshift": [Function],
                                                        "asyncErrors": undefined,
                                                        "asyncValidate": [Function],
                                                        "asyncValidating": false,
                                                        "autofill": [Function],
                                                        "blur": [Function],
                                                        "change": [Function],
                                                        "children": <Grid
                                                          bsClass="container"
                                                          componentClass="div"
                                                          fluid={false}
                                                      >
                                                          <Row
                                                              bsClass="row"
                                                              componentClass="div"
                                                          >
                                                              <FormGroup
                                                                  bsClass="form-group"
                                                                  controlId="formWeight"
                                                              >
                                                                  <Col
                                                                      bsClass="col"
                                                                      componentClass={[Function]}
                                                                      sm={2}
                                                                  >
                                                                      Weight
                                                                  </Col>
                                                                  <Col
                                                                      bsClass="col"
                                                                      componentClass="div"
                                                                      sm={4}
                                                                  >
                                                                      <Obs
                                                                          concept="6569c44a-977f-11e1-8993-905e29aff6c1"
                                                                          path="weight"
                                                                      />
                                                                  </Col>
                                                              </FormGroup>
                                                          </Row>
                                                          <Row
                                                              bsClass="row"
                                                              componentClass="div"
                                                          >
                                                              <FormGroup
                                                                  bsClass="form-group"
                                                                  controlId="formHeight"
                                                              >
                                                                  <Col
                                                                      bsClass="col"
                                                                      componentClass={[Function]}
                                                                      sm={2}
                                                                  >
                                                                      Height
                                                                  </Col>
                                                                  <Col
                                                                      bsClass="col"
                                                                      componentClass="div"
                                                                      sm={4}
                                                                  >
                                                                      <Obs
                                                                          concept="6569c562-977f-11e1-8993-905e29aff6c1"
                                                                          path="height"
                                                                      />
                                                                  </Col>
                                                              </FormGroup>
                                                          </Row>
                                                          <Row
                                                              bsClass="row"
                                                              componentClass="div"
                                                          >
                                                              <Submit />
                                                          </Row>
                                                      </Grid>,
                                                        "clearAsyncError": [Function],
                                                        "clearFields": [Function],
                                                        "clearSubmit": [Function],
                                                        "clearSubmitErrors": [Function],
                                                        "destroy": [Function],
                                                        "destroyOnUnmount": true,
                                                        "dirty": false,
                                                        "dispatch": [Function],
                                                        "enableReinitialize": true,
                                                        "encounterType": Object {
                                                          "uuid": "6265F6BC-EBC0-4181-91F3-28B70BBFDB61",
                                                        },
                                                        "error": undefined,
                                                        "focus": [Function],
                                                        "forceUnregisterOnUnmount": false,
                                                        "form": "nutrition-form",
                                                        "formId": "nutrition-form",
                                                        "formSubmittedActionCreator": Array [
                                                          [Function],
                                                          [Function],
                                                        ],
                                                        "getFormState": [Function],
                                                        "getValues": [Function],
                                                        "initialValues": undefined,
                                                        "initialize": [Function],
                                                        "initialized": false,
                                                        "invalid": false,
                                                        "keepDirtyOnReinitialize": false,
                                                        "patient": Object {
                                                          "uuid": "abc",
                                                          "visit": Object {
                                                            "uuid": "def",
                                                          },
                                                        },
                                                        "persistentSubmitErrors": false,
                                                        "pristine": true,
                                                        "pure": true,
                                                        "register": [Function],
                                                        "registerField": [Function],
                                                        "registerInnerOnSubmit": [Function],
                                                        "registeredFields": undefined,
                                                        "reset": [Function],
                                                        "resetSection": [Function],
                                                        "sectionPrefix": undefined,
                                                        "setSubmitFailed": [Function],
                                                        "setSubmitSucceeded": [Function],
                                                        "shouldAsyncValidate": [Function],
                                                        "shouldError": [Function],
                                                        "shouldValidate": [Function],
                                                        "shouldWarn": [Function],
                                                        "startAsyncValidation": [Function],
                                                        "startSubmit": [Function],
                                                        "stopAsyncValidation": [Function],
                                                        "stopSubmit": [Function],
                                                        "submit": [Function],
                                                        "submitFailed": false,
                                                        "submitSucceeded": false,
                                                        "submitting": false,
                                                        "syncErrors": Object {},
                                                        "syncWarnings": Object {},
                                                        "touch": [Function],
                                                        "touchOnBlur": true,
                                                        "touchOnChange": false,
                                                        "triggerSubmit": undefined,
                                                        "unregister": [Function],
                                                        "unregisterField": [Function],
                                                        "untouch": [Function],
                                                        "updateSyncErrors": [Function],
                                                        "updateSyncWarnings": [Function],
                                                        "updateUnregisteredFields": false,
                                                        "valid": true,
                                                        "validExceptSubmit": true,
                                                        "values": Object {},
                                                        "visit": Object {
                                                          "uuid": "def",
                                                        },
                                                        "warning": undefined,
                                                      }
                                                    }
                                                    asyncValidating={false}
                                                    component={[Function]}
                                                    dirty={false}
                                                    dispatch={[Function]}
                                                    name="obs|path=height|concept=6569c562-977f-11e1-8993-905e29aff6c1"
                                                    normalize={[Function]}
                                                    pristine={true}
                                                    type="number"
                                                  >
                                                    <RenderField
                                                      input={
                                                        Object {
                                                          "name": "obs|path=height|concept=6569c562-977f-11e1-8993-905e29aff6c1",
                                                          "onBlur": [Function],
                                                          "onChange": [Function],
                                                          "onDragStart": [Function],
                                                          "onDrop": [Function],
                                                          "onFocus": [Function],
                                                          "value": "",
                                                        }
                                                      }
                                                      meta={
                                                        Object {
                                                          "active": false,
                                                          "asyncValidating": false,
                                                          "autofilled": false,
                                                          "dirty": false,
                                                          "dispatch": [Function],
                                                          "error": undefined,
                                                          "form": "nutrition-form",
                                                          "initial": undefined,
                                                          "invalid": false,
                                                          "pristine": true,
                                                          "submitFailed": false,
                                                          "submitting": false,
                                                          "touched": false,
                                                          "valid": true,
                                                          "visited": false,
                                                          "warning": undefined,
                                                        }
                                                      }
                                                      type="number"
                                                    >
                                                      <div>
                                                        <div>
                                                          <FormControl
                                                            bsClass="form-control"
                                                            componentClass="input"
                                                            name="obs|path=height|concept=6569c562-977f-11e1-8993-905e29aff6c1"
                                                            onBlur={[Function]}
                                                            onChange={[Function]}
                                                            onDragStart={[Function]}
                                                            onDrop={[Function]}
                                                            onFocus={[Function]}
                                                            type="number"
                                                            value=""
                                                          >
                                                            <input
                                                              className="form-control"
                                                              id="formHeight"
                                                              name="obs|path=height|concept=6569c562-977f-11e1-8993-905e29aff6c1"
                                                              onBlur={[Function]}
                                                              onChange={[Function]}
                                                              onDragStart={[Function]}
                                                              onDrop={[Function]}
                                                              onFocus={[Function]}
                                                              type="number"
                                                              value=""
                                                            />
                                                          </FormControl>
                                                        </div>
                                                      </div>
                                                    </RenderField>
                                                  </ConnectedField>
                                                </Connect(ConnectedField)>
                                              </Field>
                                            </Obs>
                                          </div>
                                        </Col>
                                      </div>
                                    </FormGroup>
                                  </div>
                                </Row>
                                <Row
                                  bsClass="row"
                                  componentClass="div"
                                >
                                  <div
                                    className="row"
                                  >
                                    <Submit>
                                      <Button
                                        active={false}
                                        block={false}
                                        bsClass="btn"
                                        bsSize="large"
                                        bsStyle="success"
                                        disabled={false}
                                        type="submit"
                                      >
                                        <button
                                          className="btn btn-lg btn-success"
                                          disabled={false}
                                          type="submit"
                                        >
                                          Submit
                                        </button>
                                      </Button>
                                    </Submit>
                                  </div>
                                </Row>
                              </div>
                            </Grid>
                          </form>
                        </Form>
                      </EncounterForm>
                    </Form(EncounterForm)>
                  </Connect(Form(EncounterForm))>
                </ReduxForm>
              </Connect(ReduxForm)>
            </div>
          </div>
        </EncounterFormPage>
      </Connect(EncounterFormPage)>
    </NutritionForm>
  </MockRouter>
</Provider>
`;
