// Jest Snapshot v1, https://goo.gl/fbAQLP

exports[`Component: BloodPressureForm renders properly 1`] = `
<Provider
  store={
    Object {
      "clearActions": [Function],
      "dispatch": [Function],
      "getActions": [Function],
      "getState": [Function],
      "replaceReducer": [Function],
      "subscribe": [Function],
    }
  }
>
  <MockRouter
    createHref={[Function]}
    location=""
    params={Object {}}
    path=""
    push={[Function]}
    replace={[Function]}
    url=""
  >
    <BloodPressureForm>
      <Connect(Form)
        afterSubmitLink="/screening/nutrition/queue"
        backLink="/screening/nutrition/queue"
        encounterType={
          Object {
            "uuid": "0C36F6FB-660E-485F-AF04-249579C9EAC9",
          }
        }
        formContent={
          <Grid
            bsClass="container"
            componentClass="div"
            fluid={false}
          >
            <Row
              bsClass="row"
              componentClass="div"
            >
              <FormGroup
                bsClass="form-group"
                controlId="formSystolic"
              >
                <Col
                  bsClass="col"
                  componentClass={[Function]}
                  sm={2}
                >
                  Systolic Blood Pressure
                </Col>
                <Col
                  bsClass="col"
                  componentClass="div"
                  sm={4}
                >
                  <Obs
                    concept="6569bffe-977f-11e1-8993-905e29aff6c1"
                    path="Systolic"
                  />
                </Col>
              </FormGroup>
            </Row>
            <Row
              bsClass="row"
              componentClass="div"
            >
              <FormGroup
                bsClass="form-group"
                controlId="formDiastolic"
              >
                <Col
                  bsClass="col"
                  componentClass={[Function]}
                  sm={2}
                >
                  Diastolic Blood Pressure
                </Col>
                <Col
                  bsClass="col"
                  componentClass="div"
                  sm={4}
                >
                  <Obs
                    concept="6569c116-977f-11e1-8993-905e29aff6c1"
                    path="Diastolic"
                  />
                </Col>
              </FormGroup>
            </Row>
            <Row
              bsClass="row"
              componentClass="div"
            >
              <Submit />
            </Row>
          </Grid>
        }
        title="Blood Pressure"
      >
        <Form
          afterSubmitLink="/screening/nutrition/queue"
          backLink="/screening/nutrition/queue"
          dispatch={[Function]}
          encounterType={
            Object {
              "uuid": "0C36F6FB-660E-485F-AF04-249579C9EAC9",
            }
          }
          formContent={
            <Grid
              bsClass="container"
              componentClass="div"
              fluid={false}
            >
              <Row
                bsClass="row"
                componentClass="div"
              >
                <FormGroup
                  bsClass="form-group"
                  controlId="formSystolic"
                >
                  <Col
                    bsClass="col"
                    componentClass={[Function]}
                    sm={2}
                  >
                    Systolic Blood Pressure
                  </Col>
                  <Col
                    bsClass="col"
                    componentClass="div"
                    sm={4}
                  >
                    <Obs
                      concept="6569bffe-977f-11e1-8993-905e29aff6c1"
                      path="Systolic"
                    />
                  </Col>
                </FormGroup>
              </Row>
              <Row
                bsClass="row"
                componentClass="div"
              >
                <FormGroup
                  bsClass="form-group"
                  controlId="formDiastolic"
                >
                  <Col
                    bsClass="col"
                    componentClass={[Function]}
                    sm={2}
                  >
                    Diastolic Blood Pressure
                  </Col>
                  <Col
                    bsClass="col"
                    componentClass="div"
                    sm={4}
                  >
                    <Obs
                      concept="6569c116-977f-11e1-8993-905e29aff6c1"
                      path="Diastolic"
                    />
                  </Col>
                </FormGroup>
              </Row>
              <Row
                bsClass="row"
                componentClass="div"
              >
                <Submit />
              </Row>
            </Grid>
          }
          patient={
            Object {
              "uuid": "abc",
              "visit": Object {
                "uuid": "def",
              },
            }
          }
          title="Blood Pressure"
          visit={
            Object {
              "uuid": "def",
            }
          }
        >
          <div>
            <Link
              replace={false}
              to="/screening/nutrition/queue"
            >
              <a
                onClick={[Function]}
              >
                <Button
                  active={false}
                  block={false}
                  bsClass="btn"
                  bsSize="large"
                  bsStyle="danger"
                  disabled={false}
                >
                  <button
                    className="btn btn-lg btn-danger"
                    disabled={false}
                    type="button"
                  >
                    Back
                  </button>
                </Button>
              </a>
            </Link>
            <div>
              <h3>
                <Label
                  bsClass="label"
                  bsStyle="default"
                >
                  <span
                    className="label label-default"
                  >
                    Blood Pressure
                  </span>
                </Label>
              </h3>
              <Connect(ReduxForm)
                encounterType={
                  Object {
                    "uuid": "0C36F6FB-660E-485F-AF04-249579C9EAC9",
                  }
                }
                formSubmittedActionCreator={
                  Array [
                    [Function],
                    [Function],
                  ]
                }
                patient={
                  Object {
                    "uuid": "abc",
                    "visit": Object {
                      "uuid": "def",
                    },
                  }
                }
                visit={
                  Object {
                    "uuid": "def",
                  }
                }
              >
                <ReduxForm
                  dispatch={[Function]}
                  encounterType={
                    Object {
                      "uuid": "0C36F6FB-660E-485F-AF04-249579C9EAC9",
                    }
                  }
                  formSubmittedActionCreator={
                    Array [
                      [Function],
                      [Function],
                    ]
                  }
                  patient={
                    Object {
                      "uuid": "abc",
                      "visit": Object {
                        "uuid": "def",
                      },
                    }
                  }
                  visit={
                    Object {
                      "uuid": "def",
                    }
                  }
                >
                  <Connect(Form(OpenMRSForm))
                    destroyOnUnmount={true}
                    dispatch={[Function]}
                    enableReinitialize={false}
                    encounterType={
                      Object {
                        "uuid": "0C36F6FB-660E-485F-AF04-249579C9EAC9",
                      }
                    }
                    forceUnregisterOnUnmount={false}
                    form="openmrs-form"
                    formSubmittedActionCreator={
                      Array [
                        [Function],
                        [Function],
                      ]
                    }
                    getFormState={[Function]}
                    keepDirtyOnReinitialize={false}
                    patient={
                      Object {
                        "uuid": "abc",
                        "visit": Object {
                          "uuid": "def",
                        },
                      }
                    }
                    persistentSubmitErrors={false}
                    pure={true}
                    shouldAsyncValidate={[Function]}
                    shouldError={[Function]}
                    shouldValidate={[Function]}
                    shouldWarn={[Function]}
                    touchOnBlur={true}
                    touchOnChange={false}
                    updateUnregisteredFields={false}
                    visit={
                      Object {
                        "uuid": "def",
                      }
                    }
                  >
                    <Form(OpenMRSForm)
                      anyTouched={false}
                      array={
                        Object {
                          "insert": [Function],
                          "move": [Function],
                          "pop": [Function],
                          "push": [Function],
                          "remove": [Function],
                          "removeAll": [Function],
                          "shift": [Function],
                          "splice": [Function],
                          "swap": [Function],
                          "unshift": [Function],
                        }
                      }
                      arrayInsert={[Function]}
                      arrayMove={[Function]}
                      arrayPop={[Function]}
                      arrayPush={[Function]}
                      arrayRemove={[Function]}
                      arrayRemoveAll={[Function]}
                      arrayShift={[Function]}
                      arraySplice={[Function]}
                      arraySwap={[Function]}
                      arrayUnshift={[Function]}
                      asyncValidating={false}
                      autofill={[Function]}
                      blur={[Function]}
                      change={[Function]}
                      clearAsyncError={[Function]}
                      clearFields={[Function]}
                      clearSubmit={[Function]}
                      clearSubmitErrors={[Function]}
                      destroy={[Function]}
                      destroyOnUnmount={true}
                      dirty={false}
                      dispatch={[Function]}
                      enableReinitialize={false}
                      encounterType={
                        Object {
                          "uuid": "0C36F6FB-660E-485F-AF04-249579C9EAC9",
                        }
                      }
                      focus={[Function]}
                      forceUnregisterOnUnmount={false}
                      form="openmrs-form"
                      formSubmittedActionCreator={
                        Array [
                          [Function],
                          [Function],
                        ]
                      }
                      getFormState={[Function]}
                      initialize={[Function]}
                      initialized={false}
                      invalid={false}
                      keepDirtyOnReinitialize={false}
                      patient={
                        Object {
                          "uuid": "abc",
                          "visit": Object {
                            "uuid": "def",
                          },
                        }
                      }
                      persistentSubmitErrors={false}
                      pristine={true}
                      pure={true}
                      registerField={[Function]}
                      reset={[Function]}
                      resetSection={[Function]}
                      setSubmitFailed={[Function]}
                      setSubmitSucceeded={[Function]}
                      shouldAsyncValidate={[Function]}
                      shouldError={[Function]}
                      shouldValidate={[Function]}
                      shouldWarn={[Function]}
                      startAsyncValidation={[Function]}
                      startSubmit={[Function]}
                      stopAsyncValidation={[Function]}
                      stopSubmit={[Function]}
                      submit={[Function]}
                      submitFailed={false}
                      submitSucceeded={false}
                      submitting={false}
                      syncErrors={Object {}}
                      syncWarnings={Object {}}
                      touch={[Function]}
                      touchOnBlur={true}
                      touchOnChange={false}
                      unregisterField={[Function]}
                      untouch={[Function]}
                      updateSyncErrors={[Function]}
                      updateSyncWarnings={[Function]}
                      updateUnregisteredFields={false}
                      valid={true}
                      validExceptSubmit={true}
                      values={Object {}}
                      visit={
                        Object {
                          "uuid": "def",
                        }
                      }
                    >
                      <OpenMRSForm
                        anyTouched={false}
                        array={
                          Object {
                            "insert": [Function],
                            "move": [Function],
                            "pop": [Function],
                            "push": [Function],
                            "remove": [Function],
                            "removeAll": [Function],
                            "shift": [Function],
                            "splice": [Function],
                            "swap": [Function],
                            "unshift": [Function],
                          }
                        }
                        asyncValidate={[Function]}
                        asyncValidating={false}
                        autofill={[Function]}
                        blur={[Function]}
                        change={[Function]}
                        clearAsyncError={[Function]}
                        clearFields={[Function]}
                        clearSubmit={[Function]}
                        clearSubmitErrors={[Function]}
                        destroy={[Function]}
                        dirty={false}
                        dispatch={[Function]}
                        encounterType={
                          Object {
                            "uuid": "0C36F6FB-660E-485F-AF04-249579C9EAC9",
                          }
                        }
                        form="openmrs-form"
                        formSubmittedActionCreator={
                          Array [
                            [Function],
                            [Function],
                          ]
                        }
                        handleSubmit={[Function]}
                        initialize={[Function]}
                        initialized={false}
                        invalid={false}
                        patient={
                          Object {
                            "uuid": "abc",
                            "visit": Object {
                              "uuid": "def",
                            },
                          }
                        }
                        pristine={true}
                        pure={true}
                        reset={[Function]}
                        resetSection={[Function]}
                        submit={[Function]}
                        submitFailed={false}
                        submitSucceeded={false}
                        submitting={false}
                        touch={[Function]}
                        untouch={[Function]}
                        valid={true}
                        visit={
                          Object {
                            "uuid": "def",
                          }
                        }
                      >
                        <Form
                          bsClass="form"
                          componentClass="form"
                          horizontal={true}
                          inline={false}
                          onSubmit={[Function]}
                        >
                          <form
                            className="form-horizontal"
                            onSubmit={[Function]}
                          >
                            <Grid
                              bsClass="container"
                              componentClass="div"
                              fluid={false}
                            >
                              <div
                                className="container"
                              >
                                <Row
                                  bsClass="row"
                                  componentClass="div"
                                >
                                  <div
                                    className="row"
                                  >
                                    <FormGroup
                                      bsClass="form-group"
                                      controlId="formSystolic"
                                    >
                                      <div
                                        className="form-group"
                                      >
                                        <Col
                                          bsClass="col"
                                          componentClass={[Function]}
                                          sm={2}
                                        >
                                          <ControlLabel
                                            bsClass="control-label"
                                            className="col-sm-2"
                                            srOnly={false}
                                          >
                                            <label
                                              className="col-sm-2 control-label"
                                              htmlFor="formSystolic"
                                            >
                                              Systolic Blood Pressure
                                            </label>
                                          </ControlLabel>
                                        </Col>
                                        <Col
                                          bsClass="col"
                                          componentClass="div"
                                          sm={4}
                                        >
                                          <div
                                            className="col-sm-4"
                                          >
                                            <Obs
                                              concept="6569bffe-977f-11e1-8993-905e29aff6c1"
                                              path="Systolic"
                                            >
                                              <Field
                                                component={[Function]}
                                                name="obs|path=Systolic|concept=6569bffe-977f-11e1-8993-905e29aff6c1"
                                                type="number"
                                              >
                                                <Connect(ConnectedField)
                                                  _reduxForm={
                                                    Object {
                                                      "anyTouched": false,
                                                      "array": Object {
                                                        "insert": [Function],
                                                        "move": [Function],
                                                        "pop": [Function],
                                                        "push": [Function],
                                                        "remove": [Function],
                                                        "removeAll": [Function],
                                                        "shift": [Function],
                                                        "splice": [Function],
                                                        "swap": [Function],
                                                        "unshift": [Function],
                                                      },
                                                      "arrayInsert": [Function],
                                                      "arrayMove": [Function],
                                                      "arrayPop": [Function],
                                                      "arrayPush": [Function],
                                                      "arrayRemove": [Function],
                                                      "arrayRemoveAll": [Function],
                                                      "arrayShift": [Function],
                                                      "arraySplice": [Function],
                                                      "arraySwap": [Function],
                                                      "arrayUnshift": [Function],
                                                      "asyncErrors": undefined,
                                                      "asyncValidate": [Function],
                                                      "asyncValidating": false,
                                                      "autofill": [Function],
                                                      "blur": [Function],
                                                      "change": [Function],
                                                      "children": <Grid
                                                        bsClass="container"
                                                        componentClass="div"
                                                        fluid={false}
                                                    >
                                                        <Row
                                                            bsClass="row"
                                                            componentClass="div"
                                                        >
                                                            <FormGroup
                                                                bsClass="form-group"
                                                                controlId="formSystolic"
                                                            >
                                                                <Col
                                                                    bsClass="col"
                                                                    componentClass={[Function]}
                                                                    sm={2}
                                                                >
                                                                    Systolic Blood Pressure
                                                                </Col>
                                                                <Col
                                                                    bsClass="col"
                                                                    componentClass="div"
                                                                    sm={4}
                                                                >
                                                                    <Obs
                                                                        concept="6569bffe-977f-11e1-8993-905e29aff6c1"
                                                                        path="Systolic"
                                                                    />
                                                                </Col>
                                                            </FormGroup>
                                                        </Row>
                                                        <Row
                                                            bsClass="row"
                                                            componentClass="div"
                                                        >
                                                            <FormGroup
                                                                bsClass="form-group"
                                                                controlId="formDiastolic"
                                                            >
                                                                <Col
                                                                    bsClass="col"
                                                                    componentClass={[Function]}
                                                                    sm={2}
                                                                >
                                                                    Diastolic Blood Pressure
                                                                </Col>
                                                                <Col
                                                                    bsClass="col"
                                                                    componentClass="div"
                                                                    sm={4}
                                                                >
                                                                    <Obs
                                                                        concept="6569c116-977f-11e1-8993-905e29aff6c1"
                                                                        path="Diastolic"
                                                                    />
                                                                </Col>
                                                            </FormGroup>
                                                        </Row>
                                                        <Row
                                                            bsClass="row"
                                                            componentClass="div"
                                                        >
                                                            <Submit />
                                                        </Row>
                                                    </Grid>,
                                                      "clearAsyncError": [Function],
                                                      "clearFields": [Function],
                                                      "clearSubmit": [Function],
                                                      "clearSubmitErrors": [Function],
                                                      "destroy": [Function],
                                                      "destroyOnUnmount": true,
                                                      "dirty": false,
                                                      "dispatch": [Function],
                                                      "enableReinitialize": false,
                                                      "encounterType": Object {
                                                        "uuid": "0C36F6FB-660E-485F-AF04-249579C9EAC9",
                                                      },
                                                      "error": undefined,
                                                      "focus": [Function],
                                                      "forceUnregisterOnUnmount": false,
                                                      "form": "openmrs-form",
                                                      "formSubmittedActionCreator": Array [
                                                        [Function],
                                                        [Function],
                                                      ],
                                                      "getFormState": [Function],
                                                      "getValues": [Function],
                                                      "initialValues": undefined,
                                                      "initialize": [Function],
                                                      "initialized": false,
                                                      "invalid": false,
                                                      "keepDirtyOnReinitialize": false,
                                                      "patient": Object {
                                                        "uuid": "abc",
                                                        "visit": Object {
                                                          "uuid": "def",
                                                        },
                                                      },
                                                      "persistentSubmitErrors": false,
                                                      "pristine": true,
                                                      "pure": true,
                                                      "register": [Function],
                                                      "registerField": [Function],
                                                      "registerInnerOnSubmit": [Function],
                                                      "registeredFields": undefined,
                                                      "reset": [Function],
                                                      "resetSection": [Function],
                                                      "sectionPrefix": undefined,
                                                      "setSubmitFailed": [Function],
                                                      "setSubmitSucceeded": [Function],
                                                      "shouldAsyncValidate": [Function],
                                                      "shouldError": [Function],
                                                      "shouldValidate": [Function],
                                                      "shouldWarn": [Function],
                                                      "startAsyncValidation": [Function],
                                                      "startSubmit": [Function],
                                                      "stopAsyncValidation": [Function],
                                                      "stopSubmit": [Function],
                                                      "submit": [Function],
                                                      "submitFailed": false,
                                                      "submitSucceeded": false,
                                                      "submitting": false,
                                                      "syncErrors": Object {},
                                                      "syncWarnings": Object {},
                                                      "touch": [Function],
                                                      "touchOnBlur": true,
                                                      "touchOnChange": false,
                                                      "triggerSubmit": undefined,
                                                      "unregister": [Function],
                                                      "unregisterField": [Function],
                                                      "untouch": [Function],
                                                      "updateSyncErrors": [Function],
                                                      "updateSyncWarnings": [Function],
                                                      "updateUnregisteredFields": false,
                                                      "valid": true,
                                                      "validExceptSubmit": true,
                                                      "values": Object {},
                                                      "visit": Object {
                                                        "uuid": "def",
                                                      },
                                                      "warning": undefined,
                                                    }
                                                  }
                                                  component={[Function]}
                                                  name="obs|path=Systolic|concept=6569bffe-977f-11e1-8993-905e29aff6c1"
                                                  normalize={[Function]}
                                                  type="number"
                                                >
                                                  <ConnectedField
                                                    _reduxForm={
                                                      Object {
                                                        "anyTouched": false,
                                                        "array": Object {
                                                          "insert": [Function],
                                                          "move": [Function],
                                                          "pop": [Function],
                                                          "push": [Function],
                                                          "remove": [Function],
                                                          "removeAll": [Function],
                                                          "shift": [Function],
                                                          "splice": [Function],
                                                          "swap": [Function],
                                                          "unshift": [Function],
                                                        },
                                                        "arrayInsert": [Function],
                                                        "arrayMove": [Function],
                                                        "arrayPop": [Function],
                                                        "arrayPush": [Function],
                                                        "arrayRemove": [Function],
                                                        "arrayRemoveAll": [Function],
                                                        "arrayShift": [Function],
                                                        "arraySplice": [Function],
                                                        "arraySwap": [Function],
                                                        "arrayUnshift": [Function],
                                                        "asyncErrors": undefined,
                                                        "asyncValidate": [Function],
                                                        "asyncValidating": false,
                                                        "autofill": [Function],
                                                        "blur": [Function],
                                                        "change": [Function],
                                                        "children": <Grid
                                                          bsClass="container"
                                                          componentClass="div"
                                                          fluid={false}
                                                      >
                                                          <Row
                                                              bsClass="row"
                                                              componentClass="div"
                                                          >
                                                              <FormGroup
                                                                  bsClass="form-group"
                                                                  controlId="formSystolic"
                                                              >
                                                                  <Col
                                                                      bsClass="col"
                                                                      componentClass={[Function]}
                                                                      sm={2}
                                                                  >
                                                                      Systolic Blood Pressure
                                                                  </Col>
                                                                  <Col
                                                                      bsClass="col"
                                                                      componentClass="div"
                                                                      sm={4}
                                                                  >
                                                                      <Obs
                                                                          concept="6569bffe-977f-11e1-8993-905e29aff6c1"
                                                                          path="Systolic"
                                                                      />
                                                                  </Col>
                                                              </FormGroup>
                                                          </Row>
                                                          <Row
                                                              bsClass="row"
                                                              componentClass="div"
                                                          >
                                                              <FormGroup
                                                                  bsClass="form-group"
                                                                  controlId="formDiastolic"
                                                              >
                                                                  <Col
                                                                      bsClass="col"
                                                                      componentClass={[Function]}
                                                                      sm={2}
                                                                  >
                                                                      Diastolic Blood Pressure
                                                                  </Col>
                                                                  <Col
                                                                      bsClass="col"
                                                                      componentClass="div"
                                                                      sm={4}
                                                                  >
                                                                      <Obs
                                                                          concept="6569c116-977f-11e1-8993-905e29aff6c1"
                                                                          path="Diastolic"
                                                                      />
                                                                  </Col>
                                                              </FormGroup>
                                                          </Row>
                                                          <Row
                                                              bsClass="row"
                                                              componentClass="div"
                                                          >
                                                              <Submit />
                                                          </Row>
                                                      </Grid>,
                                                        "clearAsyncError": [Function],
                                                        "clearFields": [Function],
                                                        "clearSubmit": [Function],
                                                        "clearSubmitErrors": [Function],
                                                        "destroy": [Function],
                                                        "destroyOnUnmount": true,
                                                        "dirty": false,
                                                        "dispatch": [Function],
                                                        "enableReinitialize": false,
                                                        "encounterType": Object {
                                                          "uuid": "0C36F6FB-660E-485F-AF04-249579C9EAC9",
                                                        },
                                                        "error": undefined,
                                                        "focus": [Function],
                                                        "forceUnregisterOnUnmount": false,
                                                        "form": "openmrs-form",
                                                        "formSubmittedActionCreator": Array [
                                                          [Function],
                                                          [Function],
                                                        ],
                                                        "getFormState": [Function],
                                                        "getValues": [Function],
                                                        "initialValues": undefined,
                                                        "initialize": [Function],
                                                        "initialized": false,
                                                        "invalid": false,
                                                        "keepDirtyOnReinitialize": false,
                                                        "patient": Object {
                                                          "uuid": "abc",
                                                          "visit": Object {
                                                            "uuid": "def",
                                                          },
                                                        },
                                                        "persistentSubmitErrors": false,
                                                        "pristine": true,
                                                        "pure": true,
                                                        "register": [Function],
                                                        "registerField": [Function],
                                                        "registerInnerOnSubmit": [Function],
                                                        "registeredFields": undefined,
                                                        "reset": [Function],
                                                        "resetSection": [Function],
                                                        "sectionPrefix": undefined,
                                                        "setSubmitFailed": [Function],
                                                        "setSubmitSucceeded": [Function],
                                                        "shouldAsyncValidate": [Function],
                                                        "shouldError": [Function],
                                                        "shouldValidate": [Function],
                                                        "shouldWarn": [Function],
                                                        "startAsyncValidation": [Function],
                                                        "startSubmit": [Function],
                                                        "stopAsyncValidation": [Function],
                                                        "stopSubmit": [Function],
                                                        "submit": [Function],
                                                        "submitFailed": false,
                                                        "submitSucceeded": false,
                                                        "submitting": false,
                                                        "syncErrors": Object {},
                                                        "syncWarnings": Object {},
                                                        "touch": [Function],
                                                        "touchOnBlur": true,
                                                        "touchOnChange": false,
                                                        "triggerSubmit": undefined,
                                                        "unregister": [Function],
                                                        "unregisterField": [Function],
                                                        "untouch": [Function],
                                                        "updateSyncErrors": [Function],
                                                        "updateSyncWarnings": [Function],
                                                        "updateUnregisteredFields": false,
                                                        "valid": true,
                                                        "validExceptSubmit": true,
                                                        "values": Object {},
                                                        "visit": Object {
                                                          "uuid": "def",
                                                        },
                                                        "warning": undefined,
                                                      }
                                                    }
                                                    asyncValidating={false}
                                                    component={[Function]}
                                                    dirty={false}
                                                    dispatch={[Function]}
                                                    name="obs|path=Systolic|concept=6569bffe-977f-11e1-8993-905e29aff6c1"
                                                    normalize={[Function]}
                                                    pristine={true}
                                                    type="number"
                                                  >
                                                    <FieldInput
                                                      input={
                                                        Object {
                                                          "name": "obs|path=Systolic|concept=6569bffe-977f-11e1-8993-905e29aff6c1",
                                                          "onBlur": [Function],
                                                          "onChange": [Function],
                                                          "onDragStart": [Function],
                                                          "onDrop": [Function],
                                                          "onFocus": [Function],
                                                          "value": "",
                                                        }
                                                      }
                                                      meta={
                                                        Object {
                                                          "active": false,
                                                          "asyncValidating": false,
                                                          "autofilled": false,
                                                          "dirty": false,
                                                          "dispatch": [Function],
                                                          "error": undefined,
                                                          "form": "openmrs-form",
                                                          "initial": undefined,
                                                          "invalid": false,
                                                          "pristine": true,
                                                          "submitFailed": false,
                                                          "submitting": false,
                                                          "touched": false,
                                                          "valid": true,
                                                          "visited": false,
                                                          "warning": undefined,
                                                        }
                                                      }
                                                      type="number"
                                                    >
                                                      <FormControl
                                                        bsClass="form-control"
                                                        componentClass="input"
                                                        onChange={[Function]}
                                                        type="number"
                                                        value=""
                                                      >
                                                        <input
                                                          className="form-control"
                                                          id="formSystolic"
                                                          onChange={[Function]}
                                                          type="number"
                                                          value=""
                                                        />
                                                      </FormControl>
                                                    </FieldInput>
                                                  </ConnectedField>
                                                </Connect(ConnectedField)>
                                              </Field>
                                            </Obs>
                                          </div>
                                        </Col>
                                      </div>
                                    </FormGroup>
                                  </div>
                                </Row>
                                <Row
                                  bsClass="row"
                                  componentClass="div"
                                >
                                  <div
                                    className="row"
                                  >
                                    <FormGroup
                                      bsClass="form-group"
                                      controlId="formDiastolic"
                                    >
                                      <div
                                        className="form-group"
                                      >
                                        <Col
                                          bsClass="col"
                                          componentClass={[Function]}
                                          sm={2}
                                        >
                                          <ControlLabel
                                            bsClass="control-label"
                                            className="col-sm-2"
                                            srOnly={false}
                                          >
                                            <label
                                              className="col-sm-2 control-label"
                                              htmlFor="formDiastolic"
                                            >
                                              Diastolic Blood Pressure
                                            </label>
                                          </ControlLabel>
                                        </Col>
                                        <Col
                                          bsClass="col"
                                          componentClass="div"
                                          sm={4}
                                        >
                                          <div
                                            className="col-sm-4"
                                          >
                                            <Obs
                                              concept="6569c116-977f-11e1-8993-905e29aff6c1"
                                              path="Diastolic"
                                            >
                                              <Field
                                                component={[Function]}
                                                name="obs|path=Diastolic|concept=6569c116-977f-11e1-8993-905e29aff6c1"
                                                type="number"
                                              >
                                                <Connect(ConnectedField)
                                                  _reduxForm={
                                                    Object {
                                                      "anyTouched": false,
                                                      "array": Object {
                                                        "insert": [Function],
                                                        "move": [Function],
                                                        "pop": [Function],
                                                        "push": [Function],
                                                        "remove": [Function],
                                                        "removeAll": [Function],
                                                        "shift": [Function],
                                                        "splice": [Function],
                                                        "swap": [Function],
                                                        "unshift": [Function],
                                                      },
                                                      "arrayInsert": [Function],
                                                      "arrayMove": [Function],
                                                      "arrayPop": [Function],
                                                      "arrayPush": [Function],
                                                      "arrayRemove": [Function],
                                                      "arrayRemoveAll": [Function],
                                                      "arrayShift": [Function],
                                                      "arraySplice": [Function],
                                                      "arraySwap": [Function],
                                                      "arrayUnshift": [Function],
                                                      "asyncErrors": undefined,
                                                      "asyncValidate": [Function],
                                                      "asyncValidating": false,
                                                      "autofill": [Function],
                                                      "blur": [Function],
                                                      "change": [Function],
                                                      "children": <Grid
                                                        bsClass="container"
                                                        componentClass="div"
                                                        fluid={false}
                                                    >
                                                        <Row
                                                            bsClass="row"
                                                            componentClass="div"
                                                        >
                                                            <FormGroup
                                                                bsClass="form-group"
                                                                controlId="formSystolic"
                                                            >
                                                                <Col
                                                                    bsClass="col"
                                                                    componentClass={[Function]}
                                                                    sm={2}
                                                                >
                                                                    Systolic Blood Pressure
                                                                </Col>
                                                                <Col
                                                                    bsClass="col"
                                                                    componentClass="div"
                                                                    sm={4}
                                                                >
                                                                    <Obs
                                                                        concept="6569bffe-977f-11e1-8993-905e29aff6c1"
                                                                        path="Systolic"
                                                                    />
                                                                </Col>
                                                            </FormGroup>
                                                        </Row>
                                                        <Row
                                                            bsClass="row"
                                                            componentClass="div"
                                                        >
                                                            <FormGroup
                                                                bsClass="form-group"
                                                                controlId="formDiastolic"
                                                            >
                                                                <Col
                                                                    bsClass="col"
                                                                    componentClass={[Function]}
                                                                    sm={2}
                                                                >
                                                                    Diastolic Blood Pressure
                                                                </Col>
                                                                <Col
                                                                    bsClass="col"
                                                                    componentClass="div"
                                                                    sm={4}
                                                                >
                                                                    <Obs
                                                                        concept="6569c116-977f-11e1-8993-905e29aff6c1"
                                                                        path="Diastolic"
                                                                    />
                                                                </Col>
                                                            </FormGroup>
                                                        </Row>
                                                        <Row
                                                            bsClass="row"
                                                            componentClass="div"
                                                        >
                                                            <Submit />
                                                        </Row>
                                                    </Grid>,
                                                      "clearAsyncError": [Function],
                                                      "clearFields": [Function],
                                                      "clearSubmit": [Function],
                                                      "clearSubmitErrors": [Function],
                                                      "destroy": [Function],
                                                      "destroyOnUnmount": true,
                                                      "dirty": false,
                                                      "dispatch": [Function],
                                                      "enableReinitialize": false,
                                                      "encounterType": Object {
                                                        "uuid": "0C36F6FB-660E-485F-AF04-249579C9EAC9",
                                                      },
                                                      "error": undefined,
                                                      "focus": [Function],
                                                      "forceUnregisterOnUnmount": false,
                                                      "form": "openmrs-form",
                                                      "formSubmittedActionCreator": Array [
                                                        [Function],
                                                        [Function],
                                                      ],
                                                      "getFormState": [Function],
                                                      "getValues": [Function],
                                                      "initialValues": undefined,
                                                      "initialize": [Function],
                                                      "initialized": false,
                                                      "invalid": false,
                                                      "keepDirtyOnReinitialize": false,
                                                      "patient": Object {
                                                        "uuid": "abc",
                                                        "visit": Object {
                                                          "uuid": "def",
                                                        },
                                                      },
                                                      "persistentSubmitErrors": false,
                                                      "pristine": true,
                                                      "pure": true,
                                                      "register": [Function],
                                                      "registerField": [Function],
                                                      "registerInnerOnSubmit": [Function],
                                                      "registeredFields": undefined,
                                                      "reset": [Function],
                                                      "resetSection": [Function],
                                                      "sectionPrefix": undefined,
                                                      "setSubmitFailed": [Function],
                                                      "setSubmitSucceeded": [Function],
                                                      "shouldAsyncValidate": [Function],
                                                      "shouldError": [Function],
                                                      "shouldValidate": [Function],
                                                      "shouldWarn": [Function],
                                                      "startAsyncValidation": [Function],
                                                      "startSubmit": [Function],
                                                      "stopAsyncValidation": [Function],
                                                      "stopSubmit": [Function],
                                                      "submit": [Function],
                                                      "submitFailed": false,
                                                      "submitSucceeded": false,
                                                      "submitting": false,
                                                      "syncErrors": Object {},
                                                      "syncWarnings": Object {},
                                                      "touch": [Function],
                                                      "touchOnBlur": true,
                                                      "touchOnChange": false,
                                                      "triggerSubmit": undefined,
                                                      "unregister": [Function],
                                                      "unregisterField": [Function],
                                                      "untouch": [Function],
                                                      "updateSyncErrors": [Function],
                                                      "updateSyncWarnings": [Function],
                                                      "updateUnregisteredFields": false,
                                                      "valid": true,
                                                      "validExceptSubmit": true,
                                                      "values": Object {},
                                                      "visit": Object {
                                                        "uuid": "def",
                                                      },
                                                      "warning": undefined,
                                                    }
                                                  }
                                                  component={[Function]}
                                                  name="obs|path=Diastolic|concept=6569c116-977f-11e1-8993-905e29aff6c1"
                                                  normalize={[Function]}
                                                  type="number"
                                                >
                                                  <ConnectedField
                                                    _reduxForm={
                                                      Object {
                                                        "anyTouched": false,
                                                        "array": Object {
                                                          "insert": [Function],
                                                          "move": [Function],
                                                          "pop": [Function],
                                                          "push": [Function],
                                                          "remove": [Function],
                                                          "removeAll": [Function],
                                                          "shift": [Function],
                                                          "splice": [Function],
                                                          "swap": [Function],
                                                          "unshift": [Function],
                                                        },
                                                        "arrayInsert": [Function],
                                                        "arrayMove": [Function],
                                                        "arrayPop": [Function],
                                                        "arrayPush": [Function],
                                                        "arrayRemove": [Function],
                                                        "arrayRemoveAll": [Function],
                                                        "arrayShift": [Function],
                                                        "arraySplice": [Function],
                                                        "arraySwap": [Function],
                                                        "arrayUnshift": [Function],
                                                        "asyncErrors": undefined,
                                                        "asyncValidate": [Function],
                                                        "asyncValidating": false,
                                                        "autofill": [Function],
                                                        "blur": [Function],
                                                        "change": [Function],
                                                        "children": <Grid
                                                          bsClass="container"
                                                          componentClass="div"
                                                          fluid={false}
                                                      >
                                                          <Row
                                                              bsClass="row"
                                                              componentClass="div"
                                                          >
                                                              <FormGroup
                                                                  bsClass="form-group"
                                                                  controlId="formSystolic"
                                                              >
                                                                  <Col
                                                                      bsClass="col"
                                                                      componentClass={[Function]}
                                                                      sm={2}
                                                                  >
                                                                      Systolic Blood Pressure
                                                                  </Col>
                                                                  <Col
                                                                      bsClass="col"
                                                                      componentClass="div"
                                                                      sm={4}
                                                                  >
                                                                      <Obs
                                                                          concept="6569bffe-977f-11e1-8993-905e29aff6c1"
                                                                          path="Systolic"
                                                                      />
                                                                  </Col>
                                                              </FormGroup>
                                                          </Row>
                                                          <Row
                                                              bsClass="row"
                                                              componentClass="div"
                                                          >
                                                              <FormGroup
                                                                  bsClass="form-group"
                                                                  controlId="formDiastolic"
                                                              >
                                                                  <Col
                                                                      bsClass="col"
                                                                      componentClass={[Function]}
                                                                      sm={2}
                                                                  >
                                                                      Diastolic Blood Pressure
                                                                  </Col>
                                                                  <Col
                                                                      bsClass="col"
                                                                      componentClass="div"
                                                                      sm={4}
                                                                  >
                                                                      <Obs
                                                                          concept="6569c116-977f-11e1-8993-905e29aff6c1"
                                                                          path="Diastolic"
                                                                      />
                                                                  </Col>
                                                              </FormGroup>
                                                          </Row>
                                                          <Row
                                                              bsClass="row"
                                                              componentClass="div"
                                                          >
                                                              <Submit />
                                                          </Row>
                                                      </Grid>,
                                                        "clearAsyncError": [Function],
                                                        "clearFields": [Function],
                                                        "clearSubmit": [Function],
                                                        "clearSubmitErrors": [Function],
                                                        "destroy": [Function],
                                                        "destroyOnUnmount": true,
                                                        "dirty": false,
                                                        "dispatch": [Function],
                                                        "enableReinitialize": false,
                                                        "encounterType": Object {
                                                          "uuid": "0C36F6FB-660E-485F-AF04-249579C9EAC9",
                                                        },
                                                        "error": undefined,
                                                        "focus": [Function],
                                                        "forceUnregisterOnUnmount": false,
                                                        "form": "openmrs-form",
                                                        "formSubmittedActionCreator": Array [
                                                          [Function],
                                                          [Function],
                                                        ],
                                                        "getFormState": [Function],
                                                        "getValues": [Function],
                                                        "initialValues": undefined,
                                                        "initialize": [Function],
                                                        "initialized": false,
                                                        "invalid": false,
                                                        "keepDirtyOnReinitialize": false,
                                                        "patient": Object {
                                                          "uuid": "abc",
                                                          "visit": Object {
                                                            "uuid": "def",
                                                          },
                                                        },
                                                        "persistentSubmitErrors": false,
                                                        "pristine": true,
                                                        "pure": true,
                                                        "register": [Function],
                                                        "registerField": [Function],
                                                        "registerInnerOnSubmit": [Function],
                                                        "registeredFields": undefined,
                                                        "reset": [Function],
                                                        "resetSection": [Function],
                                                        "sectionPrefix": undefined,
                                                        "setSubmitFailed": [Function],
                                                        "setSubmitSucceeded": [Function],
                                                        "shouldAsyncValidate": [Function],
                                                        "shouldError": [Function],
                                                        "shouldValidate": [Function],
                                                        "shouldWarn": [Function],
                                                        "startAsyncValidation": [Function],
                                                        "startSubmit": [Function],
                                                        "stopAsyncValidation": [Function],
                                                        "stopSubmit": [Function],
                                                        "submit": [Function],
                                                        "submitFailed": false,
                                                        "submitSucceeded": false,
                                                        "submitting": false,
                                                        "syncErrors": Object {},
                                                        "syncWarnings": Object {},
                                                        "touch": [Function],
                                                        "touchOnBlur": true,
                                                        "touchOnChange": false,
                                                        "triggerSubmit": undefined,
                                                        "unregister": [Function],
                                                        "unregisterField": [Function],
                                                        "untouch": [Function],
                                                        "updateSyncErrors": [Function],
                                                        "updateSyncWarnings": [Function],
                                                        "updateUnregisteredFields": false,
                                                        "valid": true,
                                                        "validExceptSubmit": true,
                                                        "values": Object {},
                                                        "visit": Object {
                                                          "uuid": "def",
                                                        },
                                                        "warning": undefined,
                                                      }
                                                    }
                                                    asyncValidating={false}
                                                    component={[Function]}
                                                    dirty={false}
                                                    dispatch={[Function]}
                                                    name="obs|path=Diastolic|concept=6569c116-977f-11e1-8993-905e29aff6c1"
                                                    normalize={[Function]}
                                                    pristine={true}
                                                    type="number"
                                                  >
                                                    <FieldInput
                                                      input={
                                                        Object {
                                                          "name": "obs|path=Diastolic|concept=6569c116-977f-11e1-8993-905e29aff6c1",
                                                          "onBlur": [Function],
                                                          "onChange": [Function],
                                                          "onDragStart": [Function],
                                                          "onDrop": [Function],
                                                          "onFocus": [Function],
                                                          "value": "",
                                                        }
                                                      }
                                                      meta={
                                                        Object {
                                                          "active": false,
                                                          "asyncValidating": false,
                                                          "autofilled": false,
                                                          "dirty": false,
                                                          "dispatch": [Function],
                                                          "error": undefined,
                                                          "form": "openmrs-form",
                                                          "initial": undefined,
                                                          "invalid": false,
                                                          "pristine": true,
                                                          "submitFailed": false,
                                                          "submitting": false,
                                                          "touched": false,
                                                          "valid": true,
                                                          "visited": false,
                                                          "warning": undefined,
                                                        }
                                                      }
                                                      type="number"
                                                    >
                                                      <FormControl
                                                        bsClass="form-control"
                                                        componentClass="input"
                                                        onChange={[Function]}
                                                        type="number"
                                                        value=""
                                                      >
                                                        <input
                                                          className="form-control"
                                                          id="formDiastolic"
                                                          onChange={[Function]}
                                                          type="number"
                                                          value=""
                                                        />
                                                      </FormControl>
                                                    </FieldInput>
                                                  </ConnectedField>
                                                </Connect(ConnectedField)>
                                              </Field>
                                            </Obs>
                                          </div>
                                        </Col>
                                      </div>
                                    </FormGroup>
                                  </div>
                                </Row>
                                <Row
                                  bsClass="row"
                                  componentClass="div"
                                >
                                  <div
                                    className="row"
                                  >
                                    <Submit>
                                      <Button
                                        active={false}
                                        block={false}
                                        bsClass="btn"
                                        bsSize="large"
                                        bsStyle="success"
                                        disabled={false}
                                        type="submit"
                                      >
                                        <button
                                          className="btn btn-lg btn-success"
                                          disabled={false}
                                          type="submit"
                                        >
                                          Submit
                                        </button>
                                      </Button>
                                    </Submit>
                                  </div>
                                </Row>
                              </div>
                            </Grid>
                          </form>
                        </Form>
                      </OpenMRSForm>
                    </Form(OpenMRSForm)>
                  </Connect(Form(OpenMRSForm))>
                </ReduxForm>
              </Connect(ReduxForm)>
            </div>
          </div>
        </Form>
      </Connect(Form)>
    </BloodPressureForm>
  </MockRouter>
</Provider>
`;
