// Jest Snapshot v1, https://goo.gl/fbAQLP

exports[`Component: BloodPressureForm renders properly 1`] = `
<Provider
  store={
    Object {
      "clearActions": [Function],
      "dispatch": [Function],
      "getActions": [Function],
      "getState": [Function],
      "replaceReducer": [Function],
      "subscribe": [Function],
    }
  }
>
  <MockRouter
    createHref={[Function]}
    location=""
    params={Object {}}
    path=""
    push={[Function]}
    replace={[Function]}
    url=""
  >
    <BloodPressureForm>
      <Connect(ScreeningForm)
        encounterType={
          Object {
            "uuid": "0C36F6FB-660E-485F-AF04-249579C9EAC9",
          }
        }
        formContent={
          <Grid
            bsClass="container"
            componentClass="div"
            fluid={false}
          >
            <Section
              title="Enter Patient Blood Pressure"
            />
            <Row
              bsClass="row"
              componentClass="div"
            >
              <Col
                bsClass="col"
                componentClass="div"
                md={20}
                sm={20}
                style={
                  Object {
                    "height": "40px",
                  }
                }
              >
                <span>
                  <h1 />
                </span>
              </Col>
            </Row>
            <Row
              bsClass="row"
              componentClass="div"
            >
              <FormGroup
                bsClass="form-group"
                controlId="formSystolic"
              >
                <Col
                  bsClass="col"
                  componentClass={[Function]}
                  sm={4}
                >
                  Systolic Blood Pressure
                </Col>
                <Col
                  bsClass="col"
                  componentClass="div"
                  sm={2}
                >
                  <WithFormContext(Connect(Obs))
                    concept="6569bffe-977f-11e1-8993-905e29aff6c1"
                    path="systolic"
                    placeholder="Systolic value"
                    validate={
                      Array [
                        [Function],
                        [Function],
                      ]
                    }
                    warn={[Function]}
                  />
                </Col>
                <Col
                  bsClass="col"
                  componentClass={[Function]}
                  sm={2}
                  style={
                    Object {
                      "textAlign": "left",
                    }
                  }
                >
                  mmHG
                </Col>
              </FormGroup>
            </Row>
            <Row
              bsClass="row"
              componentClass="div"
            >
              <FormGroup
                bsClass="form-group"
                controlId="formDiastolic"
              >
                <Col
                  bsClass="col"
                  componentClass={[Function]}
                  sm={4}
                >
                  Diastolic Blood Pressure
                </Col>
                <Col
                  bsClass="col"
                  componentClass="div"
                  sm={2}
                >
                  <WithFormContext(Connect(Obs))
                    concept="6569c116-977f-11e1-8993-905e29aff6c1"
                    path="diastolic"
                    placeholder="Diastolic value"
                    validate={
                      Array [
                        [Function],
                        [Function],
                      ]
                    }
                    warn={[Function]}
                  />
                </Col>
                <Col
                  bsClass="col"
                  componentClass={[Function]}
                  sm={2}
                  style={
                    Object {
                      "textAlign": "left",
                    }
                  }
                >
                  mmHG
                </Col>
              </FormGroup>
            </Row>
          </Grid>
        }
        formId="bp-form"
        title="Blood Pressure"
      >
        <ScreeningForm
          dispatch={[Function]}
          encounterType={
            Object {
              "uuid": "0C36F6FB-660E-485F-AF04-249579C9EAC9",
            }
          }
          formContent={
            <Grid
              bsClass="container"
              componentClass="div"
              fluid={false}
            >
              <Section
                title="Enter Patient Blood Pressure"
              />
              <Row
                bsClass="row"
                componentClass="div"
              >
                <Col
                  bsClass="col"
                  componentClass="div"
                  md={20}
                  sm={20}
                  style={
                    Object {
                      "height": "40px",
                    }
                  }
                >
                  <span>
                    <h1 />
                  </span>
                </Col>
              </Row>
              <Row
                bsClass="row"
                componentClass="div"
              >
                <FormGroup
                  bsClass="form-group"
                  controlId="formSystolic"
                >
                  <Col
                    bsClass="col"
                    componentClass={[Function]}
                    sm={4}
                  >
                    Systolic Blood Pressure
                  </Col>
                  <Col
                    bsClass="col"
                    componentClass="div"
                    sm={2}
                  >
                    <WithFormContext(Connect(Obs))
                      concept="6569bffe-977f-11e1-8993-905e29aff6c1"
                      path="systolic"
                      placeholder="Systolic value"
                      validate={
                        Array [
                          [Function],
                          [Function],
                        ]
                      }
                      warn={[Function]}
                    />
                  </Col>
                  <Col
                    bsClass="col"
                    componentClass={[Function]}
                    sm={2}
                    style={
                      Object {
                        "textAlign": "left",
                      }
                    }
                  >
                    mmHG
                  </Col>
                </FormGroup>
              </Row>
              <Row
                bsClass="row"
                componentClass="div"
              >
                <FormGroup
                  bsClass="form-group"
                  controlId="formDiastolic"
                >
                  <Col
                    bsClass="col"
                    componentClass={[Function]}
                    sm={4}
                  >
                    Diastolic Blood Pressure
                  </Col>
                  <Col
                    bsClass="col"
                    componentClass="div"
                    sm={2}
                  >
                    <WithFormContext(Connect(Obs))
                      concept="6569c116-977f-11e1-8993-905e29aff6c1"
                      path="diastolic"
                      placeholder="Diastolic value"
                      validate={
                        Array [
                          [Function],
                          [Function],
                        ]
                      }
                      warn={[Function]}
                    />
                  </Col>
                  <Col
                    bsClass="col"
                    componentClass={[Function]}
                    sm={2}
                    style={
                      Object {
                        "textAlign": "left",
                      }
                    }
                  >
                    mmHG
                  </Col>
                </FormGroup>
              </Row>
            </Grid>
          }
          formId="bp-form"
          patient={
            Object {
              "uuid": "abc",
              "visit": Object {
                "uuid": "def",
              },
            }
          }
          title="Blood Pressure"
        >
          <Connect(EncounterFormPage)
            encounterRole={
              Object {
                "uuid": "a0b03050-c99b-11e0-9572-0800200c9a66",
              }
            }
            encounterType={
              Object {
                "uuid": "0C36F6FB-660E-485F-AF04-249579C9EAC9",
              }
            }
            formContent={
              <Grid
                bsClass="container"
                componentClass="div"
                fluid={false}
              >
                <Section
                  title="Enter Patient Blood Pressure"
                />
                <Row
                  bsClass="row"
                  componentClass="div"
                >
                  <Col
                    bsClass="col"
                    componentClass="div"
                    md={20}
                    sm={20}
                    style={
                      Object {
                        "height": "40px",
                      }
                    }
                  >
                    <span>
                      <h1 />
                    </span>
                  </Col>
                </Row>
                <Row
                  bsClass="row"
                  componentClass="div"
                >
                  <FormGroup
                    bsClass="form-group"
                    controlId="formSystolic"
                  >
                    <Col
                      bsClass="col"
                      componentClass={[Function]}
                      sm={4}
                    >
                      Systolic Blood Pressure
                    </Col>
                    <Col
                      bsClass="col"
                      componentClass="div"
                      sm={2}
                    >
                      <WithFormContext(Connect(Obs))
                        concept="6569bffe-977f-11e1-8993-905e29aff6c1"
                        path="systolic"
                        placeholder="Systolic value"
                        validate={
                          Array [
                            [Function],
                            [Function],
                          ]
                        }
                        warn={[Function]}
                      />
                    </Col>
                    <Col
                      bsClass="col"
                      componentClass={[Function]}
                      sm={2}
                      style={
                        Object {
                          "textAlign": "left",
                        }
                      }
                    >
                      mmHG
                    </Col>
                  </FormGroup>
                </Row>
                <Row
                  bsClass="row"
                  componentClass="div"
                >
                  <FormGroup
                    bsClass="form-group"
                    controlId="formDiastolic"
                  >
                    <Col
                      bsClass="col"
                      componentClass={[Function]}
                      sm={4}
                    >
                      Diastolic Blood Pressure
                    </Col>
                    <Col
                      bsClass="col"
                      componentClass="div"
                      sm={2}
                    >
                      <WithFormContext(Connect(Obs))
                        concept="6569c116-977f-11e1-8993-905e29aff6c1"
                        path="diastolic"
                        placeholder="Diastolic value"
                        validate={
                          Array [
                            [Function],
                            [Function],
                          ]
                        }
                        warn={[Function]}
                      />
                    </Col>
                    <Col
                      bsClass="col"
                      componentClass={[Function]}
                      sm={2}
                      style={
                        Object {
                          "textAlign": "left",
                        }
                      }
                    >
                      mmHG
                    </Col>
                  </FormGroup>
                </Row>
              </Grid>
            }
            formId="bp-form"
            formSubmittedActionCreators={
              Array [
                [Function],
              ]
            }
            title="Blood Pressure"
          >
            <EncounterFormPage
              dispatch={[Function]}
              encounterRole={
                Object {
                  "uuid": "a0b03050-c99b-11e0-9572-0800200c9a66",
                }
              }
              encounterType={
                Object {
                  "uuid": "0C36F6FB-660E-485F-AF04-249579C9EAC9",
                }
              }
              formContent={
                <Grid
                  bsClass="container"
                  componentClass="div"
                  fluid={false}
                >
                  <Section
                    title="Enter Patient Blood Pressure"
                  />
                  <Row
                    bsClass="row"
                    componentClass="div"
                  >
                    <Col
                      bsClass="col"
                      componentClass="div"
                      md={20}
                      sm={20}
                      style={
                        Object {
                          "height": "40px",
                        }
                      }
                    >
                      <span>
                        <h1 />
                      </span>
                    </Col>
                  </Row>
                  <Row
                    bsClass="row"
                    componentClass="div"
                  >
                    <FormGroup
                      bsClass="form-group"
                      controlId="formSystolic"
                    >
                      <Col
                        bsClass="col"
                        componentClass={[Function]}
                        sm={4}
                      >
                        Systolic Blood Pressure
                      </Col>
                      <Col
                        bsClass="col"
                        componentClass="div"
                        sm={2}
                      >
                        <WithFormContext(Connect(Obs))
                          concept="6569bffe-977f-11e1-8993-905e29aff6c1"
                          path="systolic"
                          placeholder="Systolic value"
                          validate={
                            Array [
                              [Function],
                              [Function],
                            ]
                          }
                          warn={[Function]}
                        />
                      </Col>
                      <Col
                        bsClass="col"
                        componentClass={[Function]}
                        sm={2}
                        style={
                          Object {
                            "textAlign": "left",
                          }
                        }
                      >
                        mmHG
                      </Col>
                    </FormGroup>
                  </Row>
                  <Row
                    bsClass="row"
                    componentClass="div"
                  >
                    <FormGroup
                      bsClass="form-group"
                      controlId="formDiastolic"
                    >
                      <Col
                        bsClass="col"
                        componentClass={[Function]}
                        sm={4}
                      >
                        Diastolic Blood Pressure
                      </Col>
                      <Col
                        bsClass="col"
                        componentClass="div"
                        sm={2}
                      >
                        <WithFormContext(Connect(Obs))
                          concept="6569c116-977f-11e1-8993-905e29aff6c1"
                          path="diastolic"
                          placeholder="Diastolic value"
                          validate={
                            Array [
                              [Function],
                              [Function],
                            ]
                          }
                          warn={[Function]}
                        />
                      </Col>
                      <Col
                        bsClass="col"
                        componentClass={[Function]}
                        sm={2}
                        style={
                          Object {
                            "textAlign": "left",
                          }
                        }
                      >
                        mmHG
                      </Col>
                    </FormGroup>
                  </Row>
                </Grid>
              }
              formId="bp-form"
              formSubmittedActionCreators={
                Array [
                  [Function],
                ]
              }
              patient={
                Object {
                  "uuid": "abc",
                  "visit": Object {
                    "uuid": "def",
                  },
                }
              }
              title="Blood Pressure"
            >
              <div
                style={
                  Object {
                    "paddingLeft": "0px",
                    "paddingRight": "0px",
                  }
                }
              >
                <Grid
                  bsClass="container"
                  componentClass="div"
                  fluid={false}
                  style={
                    Object {
                      "paddingLeft": "0px",
                      "paddingRight": "0px",
                    }
                  }
                >
                  <div
                    className="container"
                    style={
                      Object {
                        "paddingLeft": "0px",
                        "paddingRight": "0px",
                      }
                    }
                  >
                    <Row
                      bsClass="row"
                      componentClass="div"
                      style={
                        Object {
                          "backgroundColor": "#ffa500b3",
                        }
                      }
                    >
                      <div
                        className="row"
                        style={
                          Object {
                            "backgroundColor": "#ffa500b3",
                          }
                        }
                      >
                        <Col
                          bsClass="col"
                          componentClass="div"
                          md={20}
                          sm={20}
                          style={
                            Object {
                              "paddingLeft": "20px",
                            }
                          }
                        >
                          <div
                            className="col-md-20 col-sm-20"
                            style={
                              Object {
                                "paddingLeft": "20px",
                              }
                            }
                          >
                            <span>
                              <h1>
                                Blood Pressure
                              </h1>
                            </span>
                          </div>
                        </Col>
                      </div>
                    </Row>
                    <Row
                      bsClass="row"
                      componentClass="div"
                    >
                      <div
                        className="row"
                      >
                        <Col
                          bsClass="col"
                          componentClass="div"
                          md={20}
                          sm={20}
                          style={
                            Object {
                              "height": "40px",
                            }
                          }
                        >
                          <div
                            className="col-md-20 col-sm-20"
                            style={
                              Object {
                                "height": "40px",
                              }
                            }
                          >
                            <span>
                              <h1 />
                            </span>
                          </div>
                        </Col>
                      </div>
                    </Row>
                  </div>
                </Grid>
                <Loader>
                  <div
                    className="custom-loader"
                  >
                    <div />
                    <div />
                    <div />
                    <div />
                    <div />
                    <div />
                    <div />
                    <div />
                    <div />
                    <div />
                    <div />
                    <div />
                  </div>
                </Loader>
              </div>
            </EncounterFormPage>
          </Connect(EncounterFormPage)>
        </ScreeningForm>
      </Connect(ScreeningForm)>
    </BloodPressureForm>
  </MockRouter>
</Provider>
`;
